Archive member included because of file (symbol)

/Users/domenicoamelino/dev/gcc-arm-none-eabi-4_8-2014q1/bin/../lib/gcc/arm-none-eabi/4.8.3/armv7-m/libgcc.a(_arm_addsubdf3.o)
                              ./src/iNEMO_AHRS_v121/src/iNEMO_AHRS.o (__aeabi_dadd)
/Users/domenicoamelino/dev/gcc-arm-none-eabi-4_8-2014q1/bin/../lib/gcc/arm-none-eabi/4.8.3/armv7-m/libgcc.a(_arm_muldivdf3.o)
                              ./src/iNEMO_AHRS_v121/src/iNEMO_AHRS.o (__aeabi_dmul)
/Users/domenicoamelino/dev/gcc-arm-none-eabi-4_8-2014q1/bin/../lib/gcc/arm-none-eabi/4.8.3/armv7-m/libgcc.a(_arm_fixunsdfsi.o)
                              ./src/LSM303DLHC/src/LSM303DLHC.o (__aeabi_d2uiz)
/Users/domenicoamelino/dev/gcc-arm-none-eabi-4_8-2014q1/bin/../lib/gcc/arm-none-eabi/4.8.3/armv7-m/libgcc.a(_arm_truncdfsf2.o)
                              ./src/iNEMO_AHRS_v121/src/iNEMO_AHRS.o (__aeabi_d2f)
/Users/domenicoamelino/dev/gcc-arm-none-eabi-4_8-2014q1/bin/../lib/gcc/arm-none-eabi/4.8.3/armv7-m/libgcc.a(_arm_addsubsf3.o)
                              ./src/iNEMO_AHRS_v121/src/iNEMO_AHRS.o (__aeabi_fsub)
/Users/domenicoamelino/dev/gcc-arm-none-eabi-4_8-2014q1/bin/../lib/gcc/arm-none-eabi/4.8.3/armv7-m/libgcc.a(_arm_muldivsf3.o)
                              ./src/iNEMO_AHRS_v121/src/iNEMO_AHRS.o (__aeabi_fmul)
/Users/domenicoamelino/dev/gcc-arm-none-eabi-4_8-2014q1/bin/../lib/gcc/arm-none-eabi/4.8.3/armv7-m/libgcc.a(_arm_cmpsf2.o)
                              ./src/iNEMO_AHRS_v121/src/iNEMO_math.o (__aeabi_fcmpeq)
/Users/domenicoamelino/dev/gcc-arm-none-eabi-4_8-2014q1/bin/../lib/gcc/arm-none-eabi/4.8.3/armv7-m/libgcc.a(_arm_fixsfsi.o)
                              ./src/L3Gx/src/L3Gx.o (__aeabi_f2iz)
/Users/domenicoamelino/dev/gcc-arm-none-eabi-4_8-2014q1/bin/../lib/gcc/arm-none-eabi/4.8.3/armv7-m/libgcc.a(_arm_fixunssfsi.o)
                              ./src/LSM303DLHC/src/LSM303DLHC.o (__aeabi_f2uiz)
/Users/domenicoamelino/dev/gcc-arm-none-eabi-4_8-2014q1/bin/../lib/gcc/arm-none-eabi/4.8.3/../../../../arm-none-eabi/lib/armv7-m/libg.a(lib_a-errno.o)
                              ./libs/misc/src/_sbrk.o (__errno)
/Users/domenicoamelino/dev/gcc-arm-none-eabi-4_8-2014q1/bin/../lib/gcc/arm-none-eabi/4.8.3/../../../../arm-none-eabi/lib/armv7-m/libg.a(lib_a-impure.o)
                              /Users/domenicoamelino/dev/gcc-arm-none-eabi-4_8-2014q1/bin/../lib/gcc/arm-none-eabi/4.8.3/../../../../arm-none-eabi/lib/armv7-m/libg.a(lib_a-errno.o) (_impure_ptr)
/Users/domenicoamelino/dev/gcc-arm-none-eabi-4_8-2014q1/bin/../lib/gcc/arm-none-eabi/4.8.3/../../../../arm-none-eabi/lib/armv7-m/libg.a(lib_a-malloc.o)
                              ./src/iNEMO_AHRS_v121/src/iNEMO_AHRS_MemMan_1.o (malloc)
/Users/domenicoamelino/dev/gcc-arm-none-eabi-4_8-2014q1/bin/../lib/gcc/arm-none-eabi/4.8.3/../../../../arm-none-eabi/lib/armv7-m/libg.a(lib_a-mallocr.o)
                              /Users/domenicoamelino/dev/gcc-arm-none-eabi-4_8-2014q1/bin/../lib/gcc/arm-none-eabi/4.8.3/../../../../arm-none-eabi/lib/armv7-m/libg.a(lib_a-malloc.o) (_malloc_r)
/Users/domenicoamelino/dev/gcc-arm-none-eabi-4_8-2014q1/bin/../lib/gcc/arm-none-eabi/4.8.3/../../../../arm-none-eabi/lib/armv7-m/libg.a(lib_a-memcpy.o)
                              ./src/iNEMO_M1_SensorDrivers/Source/src/iNEMO_I2C_Driver.o (memcpy)
/Users/domenicoamelino/dev/gcc-arm-none-eabi-4_8-2014q1/bin/../lib/gcc/arm-none-eabi/4.8.3/../../../../arm-none-eabi/lib/armv7-m/libg.a(lib_a-mlock.o)
                              /Users/domenicoamelino/dev/gcc-arm-none-eabi-4_8-2014q1/bin/../lib/gcc/arm-none-eabi/4.8.3/../../../../arm-none-eabi/lib/armv7-m/libg.a(lib_a-mallocr.o) (__malloc_lock)
/Users/domenicoamelino/dev/gcc-arm-none-eabi-4_8-2014q1/bin/../lib/gcc/arm-none-eabi/4.8.3/../../../../arm-none-eabi/lib/armv7-m/libg.a(lib_a-putchar.o)
                              ./src/main.o (putchar)
/Users/domenicoamelino/dev/gcc-arm-none-eabi-4_8-2014q1/bin/../lib/gcc/arm-none-eabi/4.8.3/../../../../arm-none-eabi/lib/armv7-m/libg.a(lib_a-sbrkr.o)
                              /Users/domenicoamelino/dev/gcc-arm-none-eabi-4_8-2014q1/bin/../lib/gcc/arm-none-eabi/4.8.3/../../../../arm-none-eabi/lib/armv7-m/libg.a(lib_a-mallocr.o) (_sbrk_r)
/Users/domenicoamelino/dev/gcc-arm-none-eabi-4_8-2014q1/bin/../lib/gcc/arm-none-eabi/4.8.3/../../../../arm-none-eabi/lib/armv7-m/libg.a(lib_a-strlen.o)
                              ./src/tiny_printf.o (strlen)
/Users/domenicoamelino/dev/gcc-arm-none-eabi-4_8-2014q1/bin/../lib/gcc/arm-none-eabi/4.8.3/../../../../arm-none-eabi/lib/armv7-m/libg.a(lib_a-vsprintf.o)
                              ./src/STM32F1_VirtualCom/Source/src/STM32F1_VC_General.o (vsprintf)
/Users/domenicoamelino/dev/gcc-arm-none-eabi-4_8-2014q1/bin/../lib/gcc/arm-none-eabi/4.8.3/../../../../arm-none-eabi/lib/armv7-m/libg.a(lib_a-freer.o)
[...]
Memory Configuration

Name             Origin             Length             Attributes
RAM              0x0000000020000000 0x0000000000005000 xrw
CCMRAM           0x0000000000000000 0x0000000000000000 xrw
FLASH            0x0000000008000000 0x0000000000020000 xr
FLASHB1          0x0000000000000000 0x0000000000000000 xr
EXTMEMB0         0x0000000000000000 0x0000000000000000 xr
EXTMEMB1         0x0000000000000000 0x0000000000000000 xr
EXTMEMB2         0x0000000000000000 0x0000000000000000 xr
EXTMEMB3         0x0000000000000000 0x0000000000000000 xr
MEMORY_ARRAY     0x0000000000000000 0x0000000000000000 xrw
*default*        0x0000000000000000 0xffffffffffffffff

Linker script and memory map

LOAD ./src/iNemo_Led/iNemoLed.o
LOAD ./src/iNEMO_M1_SensorDrivers/Source/src/iNEMO_I2C_Driver.o
LOAD ./src/iNEMO_M1_SensorDrivers/Source/src/iNemo_SPI_Driver.o
LOAD ./src/iNEMO_AHRS_v121/src/iNEMO_AHRS.o
LOAD ./src/iNEMO_AHRS_v121/src/iNEMO_AHRS_MemMan_1.o
LOAD ./src/iNEMO_AHRS_v121/src/iNEMO_EKF.o
LOAD ./src/iNEMO_AHRS_v121/src/iNEMO_math.o
LOAD ./src/STM32_USB-FS-Device_Lib/Source/Libraries/STM32_USB-FS-Device_Driver/src/otgd_fs_cal.o
LOAD ./src/STM32_USB-FS-Device_Lib/Source/Libraries/STM32_USB-FS-Device_Driver/src/otgd_fs_dev.o
LOAD ./src/STM32_USB-FS-Device_Lib/Source/Libraries/STM32_USB-FS-Device_Driver/src/otgd_fs_int.o
LOAD ./src/STM32_USB-FS-Device_Lib/Source/Libraries/STM32_USB-FS-Device_Driver/src/otgd_fs_pcd.o
LOAD ./src/STM32_USB-FS-Device_Lib/Source/Libraries/STM32_USB-FS-Device_Driver/src/usb_core.o
LOAD ./src/STM32_USB-FS-Device_Lib/Source/Libraries/STM32_USB-FS-Device_Driver/src/usb_init.o
LOAD ./src/STM32_USB-FS-Device_Lib/Source/Libraries/STM32_USB-FS-Device_Driver/src/usb_int.o
LOAD ./src/STM32_USB-FS-Device_Lib/Source/Libraries/STM32_USB-FS-Device_Driver/src/usb_mem.o
LOAD ./src/STM32_USB-FS-Device_Lib/Source/Libraries/STM32_USB-FS-Device_Driver/src/usb_regs.o
LOAD ./src/STM32_USB-FS-Device_Lib/Source/Libraries/STM32_USB-FS-Device_Driver/src/usb_sil.o
LOAD ./src/STM32F1_VirtualCom/Source/src/STM32F1_VC_Desc.o
LOAD ./src/STM32F1_VirtualCom/Source/src/STM32F1_VC_Endp.o
LOAD ./src/STM32F1_VirtualCom/Source/src/STM32F1_VC_General.o
LOAD ./src/STM32F1_VirtualCom/Source/src/STM32F1_VC_Istr.o
LOAD ./src/STM32F1_VirtualCom/Source/src/STM32F1_VC_Prop.o
LOAD ./src/STM32F1_VirtualCom/Source/src/STM32F1_VC_Pwr.o
LOAD ./src/LSM303DLHC/src/LSM303DLHC.o
LOAD ./src/L3Gx/src/L3Gx.o
LOAD ./src/iNEMO_Button.o
LOAD ./src/main.o
LOAD ./src/stm32f10x_it.o
LOAD ./src/tiny_printf.o
LOAD ./src/tm_inemo_nrf24l01.o
LOAD ./src/tm_inemo_spi.o
LOAD ./libs/misc/src/_sbrk.o
LOAD ./libs/misc/src/_write.o
LOAD ./libs/misc/src/trace_impl.o
LOAD ./libs/StdPeriph/src/misc.o
LOAD ./libs/StdPeriph/src/stm32f10x_adc.o
LOAD ./libs/StdPeriph/src/stm32f10x_bkp.o
LOAD ./libs/StdPeriph/src/stm32f10x_can.o
LOAD ./libs/StdPeriph/src/stm32f10x_cec.o
LOAD ./libs/StdPeriph/src/stm32f10x_crc.o
LOAD ./libs/StdPeriph/src/stm32f10x_dac.o
LOAD ./libs/StdPeriph/src/stm32f10x_dbgmcu.o
LOAD ./libs/StdPeriph/src/stm32f10x_dma.o
LOAD ./libs/StdPeriph/src/stm32f10x_exti.o
LOAD ./libs/StdPeriph/src/stm32f10x_flash.o
LOAD ./libs/StdPeriph/src/stm32f10x_fsmc.o
LOAD ./libs/StdPeriph/src/stm32f10x_gpio.o
LOAD ./libs/StdPeriph/src/stm32f10x_i2c.o
LOAD ./libs/StdPeriph/src/stm32f10x_iwdg.o
LOAD ./libs/StdPeriph/src/stm32f10x_pwr.o
LOAD ./libs/StdPeriph/src/stm32f10x_rcc.o
LOAD ./libs/StdPeriph/src/stm32f10x_rtc.o
LOAD ./libs/StdPeriph/src/stm32f10x_sdio.o
LOAD ./libs/StdPeriph/src/stm32f10x_spi.o
LOAD ./libs/StdPeriph/src/stm32f10x_tim.o
LOAD ./libs/StdPeriph/src/stm32f10x_usart.o
LOAD ./libs/StdPeriph/src/stm32f10x_wwdg.o
LOAD ./libs/CMSIS/src/core_cm3.o
LOAD ./libs/CMSIS/src/startup_cm.o
LOAD ./libs/CMSIS/src/startup_stm32f10x.o
LOAD ./libs/CMSIS/src/system_stm32f10x.o
LOAD ./libs/CMSIS/src/vectors_stm32f10x.o
START GROUP
LOAD /Users/domenicoamelino/dev/gcc-arm-none-eabi-4_8-2014q1/bin/../lib/gcc/arm-none-eabi/4.8.3/armv7-m/libgcc.a
LOAD /Users/domenicoamelino/dev/gcc-arm-none-eabi-4_8-2014q1/bin/../lib/gcc/arm-none-eabi/4.8.3/../../../../arm-none-eabi/lib/armv7-m/libg.a
LOAD /Users/domenicoamelino/dev/gcc-arm-none-eabi-4_8-2014q1/bin/../lib/gcc/arm-none-eabi/4.8.3/../../../../arm-none-eabi/lib/armv7-m/libc.a
END GROUP
START GROUP
LOAD /Users/domenicoamelino/dev/gcc-arm-none-eabi-4_8-2014q1/bin/../lib/gcc/arm-none-eabi/4.8.3/armv7-m/libgcc.a
LOAD /Users/domenicoamelino/dev/gcc-arm-none-eabi-4_8-2014q1/bin/../lib/gcc/arm-none-eabi/4.8.3/../../../../arm-none-eabi/lib/armv7-m/libg.a
LOAD /Users/domenicoamelino/dev/gcc-arm-none-eabi-4_8-2014q1/bin/../lib/gcc/arm-none-eabi/4.8.3/../../../../arm-none-eabi/lib/armv7-m/libc.a
LOAD /Users/domenicoamelino/dev/gcc-arm-none-eabi-4_8-2014q1/bin/../lib/gcc/arm-none-eabi/4.8.3/../../../../arm-none-eabi/lib/armv7-m/libm.a
LOAD /Users/domenicoamelino/dev/gcc-arm-none-eabi-4_8-2014q1/bin/../lib/gcc/arm-none-eabi/4.8.3/../../../../arm-none-eabi/lib/armv7-m/libnosys.a
END GROUP
                0x0000000020005000                __stack = (ORIGIN (RAM) + 0x5000)
                0x0000000020005000                _estack = __stack
                0x0000000000000400                __Main_Stack_Size = 0x400
                0x0000000000000400                PROVIDE (_Main_Stack_Size, __Main_Stack_Size)
                0x0000000020004c00                __Main_Stack_Limit = (__stack - __Main_Stack_Size)
                0x0000000020004c00                PROVIDE (_Main_Stack_Limit, __Main_Stack_Limit)
                0x0000000000000100                _Minimum_Stack_Size = 0x100
                0x0000000020000f6c                PROVIDE (_Heap_Begin, _end_noinit)
                0x0000000020004c00                PROVIDE (_Heap_Limit, (__stack - _Main_Stack_Size))

.isr_vector     0x0000000008000000      0x1e8
                0x0000000008000000                . = ALIGN (0x4)
 *(.isr_vector)
 .isr_vector    0x0000000008000000      0x10c ./libs/CMSIS/src/vectors_stm32f10x.o
                0x0000000008000000                g_pfnVectors
 *(.after_vectors .after_vectors.*)
 .after_vectors
                0x000000000800010c       0x8c ./libs/CMSIS/src/startup_cm.o
                0x000000000800010c                Reset_Handler
                0x0000000008000150                system_init
 .after_vectors
                0x0000000008000198       0x50 ./libs/CMSIS/src/vectors_stm32f10x.o
                0x0000000008000198                TIM1_BRK_TIM15_IRQHandler
                0x0000000008000198                EXTI2_IRQHandler
                0x0000000008000198                TIM8_TRG_COM_IRQHandler
                0x0000000008000198                TIM8_CC_IRQHandler
                0x0000000008000198                TIM1_CC_IRQHandler
                0x0000000008000198                TIM6_IRQHandler
                0x0000000008000198                RTC_Alarm_IRQHandler
                0x0000000008000198                PVD_IRQHandler
                0x0000000008000198                SDIO_IRQHandler
                0x0000000008000198                CAN2_RX1_IRQHandler
                0x0000000008000198                EXTI3_IRQHandler
                0x0000000008000198                TIM8_TRG_COM_TIM14_IRQHandler
                0x0000000008000198                TIM1_UP_TIM10_IRQHandler
                0x0000000008000198                TIM8_UP_TIM13_IRQHandler
                0x0000000008000198                EXTI0_IRQHandler
                0x0000000008000198                I2C2_EV_IRQHandler
                0x0000000008000198                CAN1_RX0_IRQHandler
                0x0000000008000198                TIM1_UP_TIM16_IRQHandler
                0x0000000008000198                CAN2_SCE_IRQHandler
                0x0000000008000198                ADC1_2_IRQHandler
                0x0000000008000198                SPI1_IRQHandler
                0x0000000008000198                TAMPER_IRQHandler
                0x0000000008000198                TIM6_DAC_IRQHandler
                0x0000000008000198                TIM1_BRK_TIM9_IRQHandler
                0x0000000008000198                CAN2_RX0_IRQHandler
                0x0000000008000198                TIM8_UP_IRQHandler
                0x0000000008000198                DMA2_Channel2_IRQHandler
                0x0000000008000198                DMA1_Channel4_IRQHandler
                0x0000000008000198                USART3_IRQHandler
                0x0000000008000198                RTC_IRQHandler
                0x0000000008000198                DMA1_Channel7_IRQHandler
                0x0000000008000198                CAN1_RX1_IRQHandler
                0x0000000008000198                UART5_IRQHandler
                0x0000000008000198                ADC3_IRQHandler
                0x0000000008000198                TIM4_IRQHandler
                0x0000000008000198                DMA2_Channel1_IRQHandler
                0x0000000008000198                I2C1_EV_IRQHandler
                0x0000000008000198                DMA1_Channel6_IRQHandler
                0x0000000008000198                UART4_IRQHandler
                0x0000000008000198                DMA2_Channel4_IRQHandler
                0x0000000008000198                TIM3_IRQHandler
                0x0000000008000198                RCC_IRQHandler
                0x0000000008000198                TIM8_BRK_TIM12_IRQHandler
                0x0000000008000198                TIM1_TRG_COM_IRQHandler
                0x0000000008000198                DMA1_Channel1_IRQHandler
                0x0000000008000198                Default_Handler
                0x0000000008000198                CEC_IRQHandler
                0x0000000008000198                EXTI15_10_IRQHandler
                0x0000000008000198                TIM14_IRQHandler
                0x0000000008000198                TIM13_IRQHandler
                0x0000000008000198                TIM12_IRQHandler
                0x0000000008000198                TIM7_IRQHandler
                0x0000000008000198                CAN2_TX_IRQHandler
                0x0000000008000198                TIM5_IRQHandler
                0x0000000008000198                ETH_WKUP_IRQHandler
                0x0000000008000198                SPI2_IRQHandler
                0x0000000008000198                CAN1_TX_IRQHandler
                0x0000000008000198                DMA2_Channel5_IRQHandler
                0x0000000008000198                DMA1_Channel5_IRQHandler
                0x0000000008000198                EXTI4_IRQHandler
                0x0000000008000198                TIM1_TRG_COM_TIM17_IRQHandler
                0x0000000008000198                USB_HP_CAN1_TX_IRQHandler
                0x0000000008000198                DMA1_Channel3_IRQHandler
                0x0000000008000198                FSMC_IRQHandler
                0x0000000008000198                ETH_IRQHandler
                0x0000000008000198                TIM1_UP_IRQHandler
                0x0000000008000198                WWDG_IRQHandler
                0x0000000008000198                OTG_FS_WKUP_IRQHandler
                0x0000000008000198                TIM1_TRG_COM_TIM11_IRQHandler
                0x0000000008000198                TIM1_BRK_IRQHandler
                0x0000000008000198                EXTI1_IRQHandler
                0x0000000008000198                DMA2_Channel4_5_IRQHandler
                0x0000000008000198                USART2_IRQHandler
                0x0000000008000198                I2C2_ER_IRQHandler
                0x0000000008000198                DMA1_Channel2_IRQHandler
                0x0000000008000198                TIM8_BRK_IRQHandler
                0x0000000008000198                CAN1_SCE_IRQHandler
                0x0000000008000198                FLASH_IRQHandler
                0x0000000008000198                USART1_IRQHandler
                0x0000000008000198                OTG_FS_IRQHandler
                0x0000000008000198                SPI3_IRQHandler
                0x0000000008000198                I2C1_ER_IRQHandler
                0x0000000008000198                USBWakeUp_IRQHandler
                0x0000000008000198                DMA2_Channel3_IRQHandler
                0x00000000080001e0                SysTick_Handler
                0x00000000080001e8                . = ALIGN (0x4)

._inits         0x00000000080001e8        0x4
                0x00000000080001e8                . = ALIGN (0x4)
 *(.init)
 *(.fini)
                0x00000000080001e8                . = ALIGN (0x4)
                0x00000000080001e8                PROVIDE (__preinit_array_start, .)
 *(.preinit_array_sysinit .preinit_array_sysinit.*)
 .preinit_array_sysinit
                0x00000000080001e8        0x4 ./libs/CMSIS/src/startup_cm.o
                0x00000000080001e8                p_system_init
 *(.preinit_array_platform .preinit_array_platform.*)
 *(.preinit_array .preinit_array.*)
                0x00000000080001ec                PROVIDE (__preinit_array_end, .)
                0x00000000080001ec                . = ALIGN (0x4)
                0x00000000080001ec                PROVIDE (__init_array_start, .)
 *(SORT(.init_array.*))
 *(.init_array)
                0x00000000080001ec                PROVIDE (__init_array_end, .)
                0x00000000080001ec                . = ALIGN (0x4)
                0x00000000080001ec                PROVIDE (__fini_array_start, .)
 *(SORT(.fini_array.*))
 *(.fini_array)
                0x00000000080001ec                PROVIDE (__fini_array_end, .)
                0x00000000080001ec                . = ALIGN (0x4)

.flashtext      0x00000000080001ec        0x0
                0x00000000080001ec                . = ALIGN (0x4)
 *(.flashtext .flashtext.*)
                0x00000000080001ec                . = ALIGN (0x4)

.text           0x00000000080001f0     0xb574
                0x00000000080001f0                . = ALIGN (0x4)
 *(.text .text.*)
 .text.iNEMO_Led_Init
                0x00000000080001f0       0x40 ./src/iNemo_Led/iNemoLed.o
                0x00000000080001f0                iNEMO_Led_Init
 .text.iNEMO_Led_Toggle
                0x0000000008000230       0x30 ./src/iNemo_Led/iNemoLed.o
                0x0000000008000230                iNEMO_Led_Toggle
 .text.__enable_irq
                0x0000000008000260       0x10 ./src/iNEMO_M1_SensorDrivers/Source/src/iNEMO_I2C_Driver.o
 .text.__disable_irq
                0x0000000008000270       0x10 ./src/iNEMO_M1_SensorDrivers/Source/src/iNEMO_I2C_Driver.o
 .text.iNemoI2CInit
                0x0000000008000280       0xb8 ./src/iNEMO_M1_SensorDrivers/Source/src/iNEMO_I2C_Driver.o
                0x0000000008000280                iNemoI2CInit
 .text.iNemoI2CDMAInit
                0x0000000008000338       0xd0 ./src/iNEMO_M1_SensorDrivers/Source/src/iNEMO_I2C_Driver.o
                0x0000000008000338                iNemoI2CDMAInit
 .text.iNemoI2CDMAConfig
                0x0000000008000408       0xec ./src/iNEMO_M1_SensorDrivers/Source/src/iNEMO_I2C_Driver.o
                0x0000000008000408                iNemoI2CDMAConfig
 .text.iNemoI2CBufferReadDma
                0x00000000080004f4      0x1c4 ./src/iNEMO_M1_SensorDrivers/Source/src/iNEMO_I2C_Driver.o
                0x00000000080004f4                iNemoI2CBufferReadDma
 .text.iNemoI2CBufferWriteDma
                0x00000000080006b8      0x160 ./src/iNEMO_M1_SensorDrivers/Source/src/iNEMO_I2C_Driver.o
                0x00000000080006b8                iNemoI2CBufferWriteDma
 .text.__enable_irq
                0x0000000008000818       0x10 ./src/iNEMO_M1_SensorDrivers/Source/src/iNemo_SPI_Driver.o
 .text.__disable_irq
                0x0000000008000828       0x10 ./src/iNEMO_M1_SensorDrivers/Source/src/iNemo_SPI_Driver.o
 .text.iNemoSPIInit
                0x0000000008000838      0x138 ./src/iNEMO_M1_SensorDrivers/Source/src/iNemo_SPI_Driver.o
                0x0000000008000838                iNemoSPIInit
 .text.iNemoSPISendByte
                0x0000000008000970       0x54 ./src/iNEMO_M1_SensorDrivers/Source/src/iNemo_SPI_Driver.o
                0x0000000008000970                iNemoSPISendByte
 .text.iNemoSPIBufferWrite
                0x00000000080009c4       0x98 ./src/iNEMO_M1_SensorDrivers/Source/src/iNemo_SPI_Driver.o
                0x00000000080009c4                iNemoSPIBufferWrite
 .text.iNEMO_AHRS_Init
                0x0000000008000a5c      0x328 ./src/iNEMO_AHRS_v121/src/iNEMO_AHRS.o
                0x0000000008000a5c                iNEMO_AHRS_Init
 .text.iNEMO_Malloc
                0x0000000008000d84       0x18 ./src/iNEMO_AHRS_v121/src/iNEMO_AHRS_MemMan_1.o
                0x0000000008000d84                iNEMO_Malloc
 .text.iNEMO_fMatCreate
                0x0000000008000d9c       0x80 ./src/iNEMO_AHRS_v121/src/iNEMO_math.o
                0x0000000008000d9c                iNEMO_fMatCreate
 .text.iNEMO_fMatCreateInit
                0x0000000008000e1c       0xcc ./src/iNEMO_AHRS_v121/src/iNEMO_math.o
                0x0000000008000e1c                iNEMO_fMatCreateInit
 .text.Standard_GetConfiguration
                0x0000000008000ee8       0x3c ./src/STM32_USB-FS-Device_Lib/Source/Libraries/STM32_USB-FS-Device_Driver/src/usb_core.o
                0x0000000008000ee8                Standard_GetConfiguration
 .text.Standard_SetConfiguration
                0x0000000008000f24       0x50 ./src/STM32_USB-FS-Device_Lib/Source/Libraries/STM32_USB-FS-Device_Driver/src/usb_core.o
                0x0000000008000f24                Standard_SetConfiguration
 .text.Standard_GetInterface
                0x0000000008000f74       0x3c ./src/STM32_USB-FS-Device_Lib/Source/Libraries/STM32_USB-FS-Device_Driver/src/usb_core.o
                0x0000000008000f74                Standard_GetInterface
 .text.Standard_SetInterface
                0x0000000008000fb0       0x8c ./src/STM32_USB-FS-Device_Lib/Source/Libraries/STM32_USB-FS-Device_Driver/src/usb_core.o
                0x0000000008000fb0                Standard_SetInterface
 .text.Standard_GetStatus
                0x000000000800103c      0x138 ./src/STM32_USB-FS-Device_Lib/Source/Libraries/STM32_USB-FS-Device_Driver/src/usb_core.o
                0x000000000800103c                Standard_GetStatus
 .text.Standard_ClearFeature
                0x0000000008001174      0x1d8 ./src/STM32_USB-FS-Device_Lib/Source/Libraries/STM32_USB-FS-Device_Driver/src/usb_core.o
                0x0000000008001174                Standard_ClearFeature
 .text.Standard_SetEndPointFeature
                0x000000000800134c      0x118 ./src/STM32_USB-FS-Device_Lib/Source/Libraries/STM32_USB-FS-Device_Driver/src/usb_core.o
                0x000000000800134c                Standard_SetEndPointFeature
 .text.Standard_SetDeviceFeature
                0x0000000008001464       0x2c ./src/STM32_USB-FS-Device_Lib/Source/Libraries/STM32_USB-FS-Device_Driver/src/usb_core.o
                0x0000000008001464                Standard_SetDeviceFeature
 .text.Standard_GetDescriptorData
                0x0000000008001490       0x48 ./src/STM32_USB-FS-Device_Lib/Source/Libraries/STM32_USB-FS-Device_Driver/src/usb_core.o
                0x0000000008001490                Standard_GetDescriptorData
 .text.DataStageOut
                0x00000000080014d8      0x104 ./src/STM32_USB-FS-Device_Lib/Source/Libraries/STM32_USB-FS-Device_Driver/src/usb_core.o
 .text.DataStageIn
                0x00000000080015dc      0x10c ./src/STM32_USB-FS-Device_Lib/Source/Libraries/STM32_USB-FS-Device_Driver/src/usb_core.o
 .text.NoData_Setup0
                0x00000000080016e8      0x194 ./src/STM32_USB-FS-Device_Lib/Source/Libraries/STM32_USB-FS-Device_Driver/src/usb_core.o
 .text.Data_Setup0
                0x000000000800187c      0x324 ./src/STM32_USB-FS-Device_Lib/Source/Libraries/STM32_USB-FS-Device_Driver/src/usb_core.o
 .text.Setup0_Process
                0x0000000008001ba0       0xd8 ./src/STM32_USB-FS-Device_Lib/Source/Libraries/STM32_USB-FS-Device_Driver/src/usb_core.o
                0x0000000008001ba0                Setup0_Process
 .text.In0_Process
                0x0000000008001c78       0x90 ./src/STM32_USB-FS-Device_Lib/Source/Libraries/STM32_USB-FS-Device_Driver/src/usb_core.o
                0x0000000008001c78                In0_Process
 .text.Out0_Process
                0x0000000008001d08       0x74 ./src/STM32_USB-FS-Device_Lib/Source/Libraries/STM32_USB-FS-Device_Driver/src/usb_core.o
                0x0000000008001d08                Out0_Process
 .text.Post0_Process
                0x0000000008001d7c       0x50 ./src/STM32_USB-FS-Device_Lib/Source/Libraries/STM32_USB-FS-Device_Driver/src/usb_core.o
                0x0000000008001d7c                Post0_Process
 .text.SetDeviceAddress
                0x0000000008001dcc       0x7c ./src/STM32_USB-FS-Device_Lib/Source/Libraries/STM32_USB-FS-Device_Driver/src/usb_core.o
                0x0000000008001dcc                SetDeviceAddress
 .text.NOP_Process
                0x0000000008001e48        0xc ./src/STM32_USB-FS-Device_Lib/Source/Libraries/STM32_USB-FS-Device_Driver/src/usb_core.o
                0x0000000008001e48                NOP_Process
 .text.USB_Init
                0x0000000008001e54       0x40 ./src/STM32_USB-FS-Device_Lib/Source/Libraries/STM32_USB-FS-Device_Driver/src/usb_init.o
                0x0000000008001e54                USB_Init
 .text.CTR_LP   0x0000000008001e94      0x308 ./src/STM32_USB-FS-Device_Lib/Source/Libraries/STM32_USB-FS-Device_Driver/src/usb_int.o
                0x0000000008001e94                CTR_LP
 .text.UserToPMABufferCopy
                0x000000000800219c       0x74 ./src/STM32_USB-FS-Device_Lib/Source/Libraries/STM32_USB-FS-Device_Driver/src/usb_mem.o
                0x000000000800219c                UserToPMABufferCopy
 .text.PMAToUserBufferCopy
                0x0000000008002210       0x5c ./src/STM32_USB-FS-Device_Lib/Source/Libraries/STM32_USB-FS-Device_Driver/src/usb_mem.o
                0x0000000008002210                PMAToUserBufferCopy
 .text.SetBTABLE
                0x000000000800226c       0x24 ./src/STM32_USB-FS-Device_Lib/Source/Libraries/STM32_USB-FS-Device_Driver/src/usb_regs.o
                0x000000000800226c                SetBTABLE
 .text.SetEPType
                0x0000000008002290       0x48 ./src/STM32_USB-FS-Device_Lib/Source/Libraries/STM32_USB-FS-Device_Driver/src/usb_regs.o
                0x0000000008002290                SetEPType
 .text.SetEPTxStatus
                0x00000000080022d8       0x6c ./src/STM32_USB-FS-Device_Lib/Source/Libraries/STM32_USB-FS-Device_Driver/src/usb_regs.o
                0x00000000080022d8                SetEPTxStatus
 .text.SetEPRxStatus
                0x0000000008002344       0x6c ./src/STM32_USB-FS-Device_Lib/Source/Libraries/STM32_USB-FS-Device_Driver/src/usb_regs.o
                0x0000000008002344                SetEPRxStatus
 .text.GetEPTxStatus
                0x00000000080023b0       0x2c ./src/STM32_USB-FS-Device_Lib/Source/Libraries/STM32_USB-FS-Device_Driver/src/usb_regs.o
                0x00000000080023b0                GetEPTxStatus
 .text.SetEPTxValid
                0x00000000080023dc       0x50 ./src/STM32_USB-FS-Device_Lib/Source/Libraries/STM32_USB-FS-Device_Driver/src/usb_regs.o
                0x00000000080023dc                SetEPTxValid
 .text.SetEPRxValid
                0x000000000800242c       0x50 ./src/STM32_USB-FS-Device_Lib/Source/Libraries/STM32_USB-FS-Device_Driver/src/usb_regs.o
                0x000000000800242c                SetEPRxValid
 .text.Clear_Status_Out
                0x000000000800247c       0x50 ./src/STM32_USB-FS-Device_Lib/Source/Libraries/STM32_USB-FS-Device_Driver/src/usb_regs.o
                0x000000000800247c                Clear_Status_Out
 .text.ClearDTOG_RX
                0x00000000080024cc       0x5c ./src/STM32_USB-FS-Device_Lib/Source/Libraries/STM32_USB-FS-Device_Driver/src/usb_regs.o
                0x00000000080024cc                ClearDTOG_RX
 .text.ClearDTOG_TX
                0x0000000008002528       0x5c ./src/STM32_USB-FS-Device_Lib/Source/Libraries/STM32_USB-FS-Device_Driver/src/usb_regs.o
                0x0000000008002528                ClearDTOG_TX
 .text.SetEPTxAddr
                0x0000000008002584       0x40 ./src/STM32_USB-FS-Device_Lib/Source/Libraries/STM32_USB-FS-Device_Driver/src/usb_regs.o
                0x0000000008002584                SetEPTxAddr
 .text.SetEPRxAddr
                0x00000000080025c4       0x40 ./src/STM32_USB-FS-Device_Lib/Source/Libraries/STM32_USB-FS-Device_Driver/src/usb_regs.o
                0x00000000080025c4                SetEPRxAddr
 .text.GetEPTxAddr
                0x0000000008002604       0x38 ./src/STM32_USB-FS-Device_Lib/Source/Libraries/STM32_USB-FS-Device_Driver/src/usb_regs.o
                0x0000000008002604                GetEPTxAddr
 .text.GetEPRxAddr
                0x000000000800263c       0x38 ./src/STM32_USB-FS-Device_Lib/Source/Libraries/STM32_USB-FS-Device_Driver/src/usb_regs.o
                0x000000000800263c                GetEPRxAddr
 .text.SetEPTxCount
                0x0000000008002674       0x38 ./src/STM32_USB-FS-Device_Lib/Source/Libraries/STM32_USB-FS-Device_Driver/src/usb_regs.o
                0x0000000008002674                SetEPTxCount
 .text.SetEPRxCount
                0x00000000080026ac       0x84 ./src/STM32_USB-FS-Device_Lib/Source/Libraries/STM32_USB-FS-Device_Driver/src/usb_regs.o
                0x00000000080026ac                SetEPRxCount
 .text.GetEPRxCount
                0x0000000008002730       0x3c ./src/STM32_USB-FS-Device_Lib/Source/Libraries/STM32_USB-FS-Device_Driver/src/usb_regs.o
                0x0000000008002730                GetEPRxCount
 .text.ByteSwap
                0x000000000800276c       0x30 ./src/STM32_USB-FS-Device_Lib/Source/Libraries/STM32_USB-FS-Device_Driver/src/usb_regs.o
                0x000000000800276c                ByteSwap
 .text.USB_SIL_Init
                0x000000000800279c       0x34 ./src/STM32_USB-FS-Device_Lib/Source/Libraries/STM32_USB-FS-Device_Driver/src/usb_sil.o
                0x000000000800279c                USB_SIL_Init
 .text.EP3_OUT_Callback
                0x00000000080027d0       0x34 ./src/STM32F1_VirtualCom/Source/src/STM32F1_VC_Endp.o
                0x00000000080027d0                EP3_OUT_Callback
 .text.Stm32f1VCInit
                0x0000000008002804       0x78 ./src/STM32F1_VirtualCom/Source/src/STM32F1_VC_General.o
                0x0000000008002804                Stm32f1VCInit
 .text.Stm32f1VCCableConfig
                0x000000000800287c       0x30 ./src/STM32F1_VirtualCom/Source/src/STM32F1_VC_General.o
                0x000000000800287c                Stm32f1VCCableConfig
 .text.Stm32f1VCGetSerialNum
                0x00000000080028ac       0x54 ./src/STM32F1_VirtualCom/Source/src/STM32F1_VC_General.o
                0x00000000080028ac                Stm32f1VCGetSerialNum
 .text.Stm32f1VCPrintf
                0x0000000008002900       0x64 ./src/STM32F1_VirtualCom/Source/src/STM32F1_VC_General.o
                0x0000000008002900                Stm32f1VCPrintf
 .text.Stm32f1VCWriteTxBuffer
                0x0000000008002964       0x64 ./src/STM32F1_VirtualCom/Source/src/STM32F1_VC_General.o
                0x0000000008002964                Stm32f1VCWriteTxBuffer
 .text.Stm32f1VCSendData
                0x00000000080029c8      0x100 ./src/STM32F1_VirtualCom/Source/src/STM32F1_VC_General.o
                0x00000000080029c8                Stm32f1VCSendData
 .text.IntToUnicode
                0x0000000008002ac8       0x78 ./src/STM32F1_VirtualCom/Source/src/STM32F1_VC_General.o
 .text.Stm32f1VCIntServRoutine
                0x0000000008002b40       0x88 ./src/STM32F1_VirtualCom/Source/src/STM32F1_VC_Istr.o
                0x0000000008002b40                Stm32f1VCIntServRoutine
 .text.Stm32f1VCPortInit
                0x0000000008002bc8       0x28 ./src/STM32F1_VirtualCom/Source/src/STM32F1_VC_Prop.o
                0x0000000008002bc8                Stm32f1VCPortInit
 .text.Stm32f1VCPortReset
                0x0000000008002bf0       0xf0 ./src/STM32F1_VirtualCom/Source/src/STM32F1_VC_Prop.o
                0x0000000008002bf0                Stm32f1VCPortReset
 .text.Stm32f1VCPortSetConfiguration
                0x0000000008002ce0       0x2c ./src/STM32F1_VirtualCom/Source/src/STM32F1_VC_Prop.o
                0x0000000008002ce0                Stm32f1VCPortSetConfiguration
 .text.Stm32f1VCPortSetDeviceAddress
                0x0000000008002d0c       0x18 ./src/STM32F1_VirtualCom/Source/src/STM32F1_VC_Prop.o
                0x0000000008002d0c                Stm32f1VCPortSetDeviceAddress
 .text.Stm32f1VCPortStatusIn
                0x0000000008002d24       0x20 ./src/STM32F1_VirtualCom/Source/src/STM32F1_VC_Prop.o
                0x0000000008002d24                Stm32f1VCPortStatusIn
 .text.Stm32f1VCPortStatusOut
                0x0000000008002d44        0xc ./src/STM32F1_VirtualCom/Source/src/STM32F1_VC_Prop.o
                0x0000000008002d44                Stm32f1VCPortStatusOut
 .text.Stm32f1VCPortDataSetup
                0x0000000008002d50       0x80 ./src/STM32F1_VirtualCom/Source/src/STM32F1_VC_Prop.o
                0x0000000008002d50                Stm32f1VCPortDataSetup
 .text.Stm32f1VCPortNoDataSetup
                0x0000000008002dd0       0x40 ./src/STM32F1_VirtualCom/Source/src/STM32F1_VC_Prop.o
                0x0000000008002dd0                Stm32f1VCPortNoDataSetup
 .text.Stm32f1VCPortGetDeviceDescriptor
                0x0000000008002e10       0x24 ./src/STM32F1_VirtualCom/Source/src/STM32F1_VC_Prop.o
                0x0000000008002e10                Stm32f1VCPortGetDeviceDescriptor
 .text.Stm32f1VCPortGetConfigDescriptor
                0x0000000008002e34       0x24 ./src/STM32F1_VirtualCom/Source/src/STM32F1_VC_Prop.o
                0x0000000008002e34                Stm32f1VCPortGetConfigDescriptor
 .text.Stm32f1VCPortGetStringDescriptor
                0x0000000008002e58       0x40 ./src/STM32F1_VirtualCom/Source/src/STM32F1_VC_Prop.o
                0x0000000008002e58                Stm32f1VCPortGetStringDescriptor
 .text.Stm32f1VCPortGetInterfaceSetting
                0x0000000008002e98       0x30 ./src/STM32F1_VirtualCom/Source/src/STM32F1_VC_Prop.o
                0x0000000008002e98                Stm32f1VCPortGetInterfaceSetting
 .text.Stm32f1VCPortGetLineCoding
                0x0000000008002ec8       0x34 ./src/STM32F1_VirtualCom/Source/src/STM32F1_VC_Prop.o
                0x0000000008002ec8                Stm32f1VCPortGetLineCoding
 .text.Stm32f1VCPortSetLineCoding
                0x0000000008002efc       0x34 ./src/STM32F1_VirtualCom/Source/src/STM32F1_VC_Prop.o
                0x0000000008002efc                Stm32f1VCPortSetLineCoding
 .text.PowerOn  0x0000000008002f30       0x50 ./src/STM32F1_VirtualCom/Source/src/STM32F1_VC_Pwr.o
                0x0000000008002f30                PowerOn
 .text.Lsm303dlhcAccConfig
                0x0000000008002f80       0xac ./src/LSM303DLHC/src/LSM303DLHC.o
                0x0000000008002f80                Lsm303dlhcAccConfig
 .text.Lsm303dlhcAccFilterConfig
                0x000000000800302c       0xdc ./src/LSM303DLHC/src/LSM303DLHC.o
                0x000000000800302c                Lsm303dlhcAccFilterConfig
 .text.Lsm303dlhcMagConfig
                0x0000000008003108       0x7c ./src/LSM303DLHC/src/LSM303DLHC.o
                0x0000000008003108                Lsm303dlhcMagConfig
 .text.L3gxConfig
                0x0000000008003184       0x74 ./src/L3Gx/src/L3Gx.o
                0x0000000008003184                L3gxConfig
 .text.iNEMO_Button_Init
                0x00000000080031f8       0x74 ./src/iNEMO_Button.o
                0x00000000080031f8                iNEMO_Button_Init
 .text.iNEMO_Button_Interrupt_Cmd
                0x000000000800326c       0x34 ./src/iNEMO_Button.o
                0x000000000800326c                iNEMO_Button_Interrupt_Cmd
 .text.prvFindFactors
                0x00000000080032a0       0xf4 ./src/main.o
                0x00000000080032a0                prvFindFactors
 .text.iNemoTimerConfig
                0x0000000008003394       0x98 ./src/main.o
                0x0000000008003394                iNemoTimerConfig
 .text.TIM2_IRQHandler
                0x000000000800342c       0x2c ./src/main.o
                0x000000000800342c                TIM2_IRQHandler
 .text.main     0x0000000008003458      0x36c ./src/main.o
                0x0000000008003458                main
 .text.delay_ms
                0x00000000080037c4       0x28 ./src/main.o
                0x00000000080037c4                delay_ms
 .text.NMI_Handler
                0x00000000080037ec        0xc ./src/stm32f10x_it.o
                0x00000000080037ec                NMI_Handler
 .text.HardFault_Handler
                0x00000000080037f8        0x8 ./src/stm32f10x_it.o
                0x00000000080037f8                HardFault_Handler
 .text.MemManage_Handler
                0x0000000008003800        0x8 ./src/stm32f10x_it.o
                0x0000000008003800                MemManage_Handler
 .text.BusFault_Handler
                0x0000000008003808        0x8 ./src/stm32f10x_it.o
                0x0000000008003808                BusFault_Handler
 .text.UsageFault_Handler
                0x0000000008003810        0x8 ./src/stm32f10x_it.o
                0x0000000008003810                UsageFault_Handler
 .text.SVC_Handler
                0x0000000008003818        0xc ./src/stm32f10x_it.o
                0x0000000008003818                SVC_Handler
 .text.DebugMon_Handler
                0x0000000008003824        0xc ./src/stm32f10x_it.o
                0x0000000008003824                DebugMon_Handler
 .text.PendSV_Handler
                0x0000000008003830        0xc ./src/stm32f10x_it.o
                0x0000000008003830                PendSV_Handler
 .text.USB_LP_CAN1_RX0_IRQHandler
                0x000000000800383c        0xc ./src/stm32f10x_it.o
                0x000000000800383c                USB_LP_CAN1_RX0_IRQHandler
 .text.ts_itoa  0x0000000008003848       0x94 ./src/tiny_printf.o
                0x0000000008003848                ts_itoa
 .text.ts_formatstring
                0x00000000080038dc      0x138 ./src/tiny_printf.o
                0x00000000080038dc                ts_formatstring
 .text.ts_formatlength
                0x0000000008003a14      0x130 ./src/tiny_printf.o
                0x0000000008003a14                ts_formatlength
 .text.iprintf  0x0000000008003b44       0x94 ./src/tiny_printf.o
                0x0000000008003b44                printf
                0x0000000008003b44                iprintf
 .text.puts     0x0000000008003bd8       0x58 ./src/tiny_printf.o
                0x0000000008003bd8                puts
 .text.TM_NRF24L01_ReceivePacket
                0x0000000008003c30       0xec ./src/tm_inemo_nrf24l01.o
                0x0000000008003c30                TM_NRF24L01_ReceivePacket
 .text.TM_NRF24L01_InitPins
                0x0000000008003d1c       0xb4 ./src/tm_inemo_nrf24l01.o
                0x0000000008003d1c                TM_NRF24L01_InitPins
 .text.TM_NRF24L01_Init
                0x0000000008003dd0      0x11c ./src/tm_inemo_nrf24l01.o
                0x0000000008003dd0                TM_NRF24L01_Init
 .text.TM_NRF24L01_SetMyAddress
                0x0000000008003eec       0x2c ./src/tm_inemo_nrf24l01.o
                0x0000000008003eec                TM_NRF24L01_SetMyAddress
 .text.TM_NRF24L01_SetTxAddress
                0x0000000008003f18       0x24 ./src/tm_inemo_nrf24l01.o
                0x0000000008003f18                TM_NRF24L01_SetTxAddress
 .text.TM_NRF24L01_WriteBit
                0x0000000008003f3c       0x60 ./src/tm_inemo_nrf24l01.o
                0x0000000008003f3c                TM_NRF24L01_WriteBit
 .text.TM_NRF24L01_ReadRegister
                0x0000000008003f9c       0x48 ./src/tm_inemo_nrf24l01.o
                0x0000000008003f9c                TM_NRF24L01_ReadRegister
 .text.TM_NRF24L01_WriteRegister
                0x0000000008003fe4       0x4c ./src/tm_inemo_nrf24l01.o
                0x0000000008003fe4                TM_NRF24L01_WriteRegister
 .text.TM_NRF24L01_WriteRegisterMulti
                0x0000000008004030       0x50 ./src/tm_inemo_nrf24l01.o
                0x0000000008004030                TM_NRF24L01_WriteRegisterMulti
 .text.TM_NRF24L01_PowerUpRx
                0x0000000008004080       0x5c ./src/tm_inemo_nrf24l01.o
                0x0000000008004080                TM_NRF24L01_PowerUpRx
 .text.TM_NRF24L01_GetData
                0x00000000080040dc       0x48 ./src/tm_inemo_nrf24l01.o
                0x00000000080040dc                TM_NRF24L01_GetData
 .text.TM_NRF24L01_DataReady
                0x0000000008004124       0x34 ./src/tm_inemo_nrf24l01.o
                0x0000000008004124                TM_NRF24L01_DataReady
 .text.TM_NRF24L01_RxFifoEmpty
                0x0000000008004158       0x20 ./src/tm_inemo_nrf24l01.o
                0x0000000008004158                TM_NRF24L01_RxFifoEmpty
 .text.TM_NRF24L01_GetStatus
                0x0000000008004178       0x34 ./src/tm_inemo_nrf24l01.o
                0x0000000008004178                TM_NRF24L01_GetStatus
 .text.TM_NRF24L01_SoftwareReset
                0x00000000080041ac      0x124 ./src/tm_inemo_nrf24l01.o
                0x00000000080041ac                TM_NRF24L01_SoftwareReset
 .text.TM_NRF24L01_SetChannel
                0x00000000080042d0       0x34 ./src/tm_inemo_nrf24l01.o
                0x00000000080042d0                TM_NRF24L01_SetChannel
 .text.TM_NRF24L01_SetRF
                0x0000000008004304       0x80 ./src/tm_inemo_nrf24l01.o
                0x0000000008004304                TM_NRF24L01_SetRF
 .text.EXTI9_5_IRQHandler
                0x0000000008004384      0x168 ./src/tm_inemo_nrf24l01.o
                0x0000000008004384                EXTI9_5_IRQHandler
 .text.TM_SPI_Init
                0x00000000080044ec       0x14 ./src/tm_inemo_spi.o
                0x00000000080044ec                TM_SPI_Init
 .text.TM_SPI_Send
                0x0000000008004500       0x54 ./src/tm_inemo_spi.o
                0x0000000008004500                TM_SPI_Send
 .text.TM_SPI_SendMulti
                0x0000000008004554       0x44 ./src/tm_inemo_spi.o
                0x0000000008004554                TM_SPI_SendMulti
 .text.TM_SPI_WriteMulti
                0x0000000008004598       0x38 ./src/tm_inemo_spi.o
                0x0000000008004598                TM_SPI_WriteMulti
 .text._sbrk    0x00000000080045d0       0x68 ./libs/misc/src/_sbrk.o
                0x00000000080045d0                _sbrk
 .text._write   0x0000000008004638       0x2c ./libs/misc/src/_write.o
                0x0000000008004638                _write
 .text._write_trace_itm
                0x0000000008004664       0x88 ./libs/misc/src/trace_impl.o
                0x0000000008004664                _write_trace_itm
 .text.NVIC_PriorityGroupConfig
                0x00000000080046ec       0x24 ./libs/StdPeriph/src/misc.o
                0x00000000080046ec                NVIC_PriorityGroupConfig
 .text.NVIC_Init
                0x0000000008004710       0xc0 ./libs/StdPeriph/src/misc.o
                0x0000000008004710                NVIC_Init
 .text.DMA_DeInit
                0x00000000080047d0      0x178 ./libs/StdPeriph/src/stm32f10x_dma.o
                0x00000000080047d0                DMA_DeInit
 .text.DMA_Init
                0x0000000008004948       0x7c ./libs/StdPeriph/src/stm32f10x_dma.o
                0x0000000008004948                DMA_Init
 .text.DMA_Cmd  0x00000000080049c4       0x38 ./libs/StdPeriph/src/stm32f10x_dma.o
                0x00000000080049c4                DMA_Cmd
 .text.DMA_GetFlagStatus
                0x00000000080049fc       0x54 ./libs/StdPeriph/src/stm32f10x_dma.o
                0x00000000080049fc                DMA_GetFlagStatus
 .text.DMA_ClearFlag
                0x0000000008004a50       0x34 ./libs/StdPeriph/src/stm32f10x_dma.o
                0x0000000008004a50                DMA_ClearFlag
 .text.EXTI_Init
                0x0000000008004a84       0xdc ./libs/StdPeriph/src/stm32f10x_exti.o
                0x0000000008004a84                EXTI_Init
 .text.EXTI_GetITStatus
                0x0000000008004b60       0x48 ./libs/StdPeriph/src/stm32f10x_exti.o
                0x0000000008004b60                EXTI_GetITStatus
 .text.EXTI_ClearITPendingBit
                0x0000000008004ba8       0x1c ./libs/StdPeriph/src/stm32f10x_exti.o
                0x0000000008004ba8                EXTI_ClearITPendingBit
 .text.GPIO_Init
                0x0000000008004bc4      0x178 ./libs/StdPeriph/src/stm32f10x_gpio.o
                0x0000000008004bc4                GPIO_Init
 .text.GPIO_SetBits
                0x0000000008004d3c       0x1c ./libs/StdPeriph/src/stm32f10x_gpio.o
                0x0000000008004d3c                GPIO_SetBits
 .text.GPIO_ResetBits
                0x0000000008004d58       0x1c ./libs/StdPeriph/src/stm32f10x_gpio.o
                0x0000000008004d58                GPIO_ResetBits
 .text.GPIO_PinRemapConfig
                0x0000000008004d74       0xe0 ./libs/StdPeriph/src/stm32f10x_gpio.o
                0x0000000008004d74                GPIO_PinRemapConfig
 .text.GPIO_EXTILineConfig
                0x0000000008004e54       0x7c ./libs/StdPeriph/src/stm32f10x_gpio.o
                0x0000000008004e54                GPIO_EXTILineConfig
 .text.I2C_Init
                0x0000000008004ed0      0x184 ./libs/StdPeriph/src/stm32f10x_i2c.o
                0x0000000008004ed0                I2C_Init
 .text.I2C_Cmd  0x0000000008005054       0x40 ./libs/StdPeriph/src/stm32f10x_i2c.o
                0x0000000008005054                I2C_Cmd
 .text.I2C_DMACmd
                0x0000000008005094       0x40 ./libs/StdPeriph/src/stm32f10x_i2c.o
                0x0000000008005094                I2C_DMACmd
 .text.I2C_GenerateSTART
                0x00000000080050d4       0x40 ./libs/StdPeriph/src/stm32f10x_i2c.o
                0x00000000080050d4                I2C_GenerateSTART
 .text.I2C_GenerateSTOP
                0x0000000008005114       0x40 ./libs/StdPeriph/src/stm32f10x_i2c.o
                0x0000000008005114                I2C_GenerateSTOP
 .text.I2C_AcknowledgeConfig
                0x0000000008005154       0x40 ./libs/StdPeriph/src/stm32f10x_i2c.o
                0x0000000008005154                I2C_AcknowledgeConfig
 .text.I2C_SendData
                0x0000000008005194       0x20 ./libs/StdPeriph/src/stm32f10x_i2c.o
                0x0000000008005194                I2C_SendData
 .text.I2C_Send7bitAddress
                0x00000000080051b4       0x3c ./libs/StdPeriph/src/stm32f10x_i2c.o
                0x00000000080051b4                I2C_Send7bitAddress
 .text.I2C_CheckEvent
                0x00000000080051f0       0x60 ./libs/StdPeriph/src/stm32f10x_i2c.o
                0x00000000080051f0                I2C_CheckEvent
 .text.I2C_GetFlagStatus
                0x0000000008005250       0x68 ./libs/StdPeriph/src/stm32f10x_i2c.o
                0x0000000008005250                I2C_GetFlagStatus
 .text.RCC_USBCLKConfig
                0x00000000080052b8       0x1c ./libs/StdPeriph/src/stm32f10x_rcc.o
                0x00000000080052b8                RCC_USBCLKConfig
 .text.RCC_GetClocksFreq
                0x00000000080052d4      0x164 ./libs/StdPeriph/src/stm32f10x_rcc.o
                0x00000000080052d4                RCC_GetClocksFreq
 .text.RCC_AHBPeriphClockCmd
                0x0000000008005438       0x3c ./libs/StdPeriph/src/stm32f10x_rcc.o
                0x0000000008005438                RCC_AHBPeriphClockCmd
 .text.RCC_APB2PeriphClockCmd
                0x0000000008005474       0x3c ./libs/StdPeriph/src/stm32f10x_rcc.o
                0x0000000008005474                RCC_APB2PeriphClockCmd
 .text.RCC_APB1PeriphClockCmd
                0x00000000080054b0       0x3c ./libs/StdPeriph/src/stm32f10x_rcc.o
                0x00000000080054b0                RCC_APB1PeriphClockCmd
 .text.SPI_Init
                0x00000000080054ec       0x88 ./libs/StdPeriph/src/stm32f10x_spi.o
                0x00000000080054ec                SPI_Init
 .text.SPI_Cmd  0x0000000008005574       0x40 ./libs/StdPeriph/src/stm32f10x_spi.o
                0x0000000008005574                SPI_Cmd
 .text.SPI_I2S_SendData
                0x00000000080055b4       0x1c ./libs/StdPeriph/src/stm32f10x_spi.o
                0x00000000080055b4                SPI_I2S_SendData
 .text.SPI_I2S_ReceiveData
                0x00000000080055d0       0x1c ./libs/StdPeriph/src/stm32f10x_spi.o
                0x00000000080055d0                SPI_I2S_ReceiveData
 .text.SPI_I2S_GetFlagStatus
                0x00000000080055ec       0x38 ./libs/StdPeriph/src/stm32f10x_spi.o
                0x00000000080055ec                SPI_I2S_GetFlagStatus
 .text.TIM_TimeBaseInit
                0x0000000008005624       0xf8 ./libs/StdPeriph/src/stm32f10x_tim.o
                0x0000000008005624                TIM_TimeBaseInit
 .text.TIM_TimeBaseStructInit
                0x000000000800571c       0x34 ./libs/StdPeriph/src/stm32f10x_tim.o
                0x000000000800571c                TIM_TimeBaseStructInit
 .text.TIM_ARRPreloadConfig
                0x0000000008005750       0x40 ./libs/StdPeriph/src/stm32f10x_tim.o
                0x0000000008005750                TIM_ARRPreloadConfig
 .text.TIM_GetITStatus
                0x0000000008005790       0x54 ./libs/StdPeriph/src/stm32f10x_tim.o
                0x0000000008005790                TIM_GetITStatus
 .text.TIM_ClearITPendingBit
                0x00000000080057e4       0x20 ./libs/StdPeriph/src/stm32f10x_tim.o
                0x00000000080057e4                TIM_ClearITPendingBit
 .text.__libc_init_array
                0x0000000008005804       0x6c ./libs/CMSIS/src/startup_cm.o
                0x0000000008005804                __libc_init_array
 .text.__libc_fini_array
                0x0000000008005870       0x3c ./libs/CMSIS/src/startup_cm.o
                0x0000000008005870                __libc_fini_array
 .text._exit    0x00000000080058ac        0xc ./libs/CMSIS/src/startup_stm32f10x.o
                0x00000000080058ac                _exit
 .text.SystemInit
                0x00000000080058b8       0x68 ./libs/CMSIS/src/system_stm32f10x.o
                0x00000000080058b8                SystemInit
 .text.SetSysClock
                0x0000000008005920        0xc ./libs/CMSIS/src/system_stm32f10x.o
 .text.SetSysClockTo72
                0x000000000800592c      0x100 ./libs/CMSIS/src/system_stm32f10x.o
 .text          0x0000000008005a2c      0x370 /Users/domenicoamelino/dev/gcc-arm-none-eabi-4_8-2014q1/bin/../lib/gcc/arm-none-eabi/4.8.3/armv7-m/libgcc.a(_arm_addsubdf3.o)
                0x0000000008005a2c                __aeabi_drsub
                0x0000000008005a34                __subdf3
                0x0000000008005a34                __aeabi_dsub
                0x0000000008005a38                __aeabi_dadd
                0x0000000008005a38                __adddf3
                0x0000000008005cb0                __aeabi_ui2d
                0x0000000008005cb0                __floatunsidf
                0x0000000008005cd0                __floatsidf
                0x0000000008005cd0                __aeabi_i2d
                0x0000000008005cf4                __extendsfdf2
                0x0000000008005cf4                __aeabi_f2d
                0x0000000008005d30                __aeabi_ul2d
                0x0000000008005d30                __floatundidf
                0x0000000008005d40                __aeabi_l2d
                0x0000000008005d40                __floatdidf
 .text          0x0000000008005d9c      0x424 /Users/domenicoamelino/dev/gcc-arm-none-eabi-4_8-2014q1/bin/../lib/gcc/arm-none-eabi/4.8.3/armv7-m/libgcc.a(_arm_muldivdf3.o)
                0x0000000008005d9c                __aeabi_dmul
                0x0000000008005d9c                __muldf3
                0x0000000008005ff0                __aeabi_ddiv
                0x0000000008005ff0                __divdf3
 .text          0x00000000080061c0       0xa0 /Users/domenicoamelino/dev/gcc-arm-none-eabi-4_8-2014q1/bin/../lib/gcc/arm-none-eabi/4.8.3/armv7-m/libgcc.a(_arm_truncdfsf2.o)
                0x00000000080061c0                __aeabi_d2f
                0x00000000080061c0                __truncdfsf2
 .text          0x0000000008006260      0x21c /Users/domenicoamelino/dev/gcc-arm-none-eabi-4_8-2014q1/bin/../lib/gcc/arm-none-eabi/4.8.3/armv7-m/libgcc.a(_arm_addsubsf3.o)
                0x0000000008006260                __aeabi_frsub
                0x0000000008006268                __aeabi_fsub
                0x0000000008006268                __subsf3
                0x000000000800626c                __aeabi_fadd
                0x000000000800626c                __addsf3
                0x00000000080063cc                __aeabi_ui2f
                0x00000000080063cc                __floatunsisf
                0x00000000080063d4                __floatsisf
                0x00000000080063d4                __aeabi_i2f
                0x00000000080063f0                __aeabi_ul2f
                0x00000000080063f0                __floatundisf
                0x0000000008006400                __aeabi_l2f
                0x0000000008006400                __floatdisf
 .text          0x000000000800647c      0x2a0 /Users/domenicoamelino/dev/gcc-arm-none-eabi-4_8-2014q1/bin/../lib/gcc/arm-none-eabi/4.8.3/armv7-m/libgcc.a(_arm_muldivsf3.o)
                0x000000000800647c                __mulsf3
                0x000000000800647c                __aeabi_fmul
                0x00000000080065e4                __divsf3
                0x00000000080065e4                __aeabi_fdiv
 .text.__errno  0x000000000800671c        0xc /Users/domenicoamelino/dev/gcc-arm-none-eabi-4_8-2014q1/bin/../lib/gcc/arm-none-eabi/4.8.3/../../../../arm-none-eabi/lib/armv7-m/libg.a(lib_a-errno.o)
                0x000000000800671c                __errno
 .text.malloc   0x0000000008006728       0x10 /Users/domenicoamelino/dev/gcc-arm-none-eabi-4_8-2014q1/bin/../lib/gcc/arm-none-eabi/4.8.3/../../../../arm-none-eabi/lib/armv7-m/libg.a(lib_a-malloc.o)
                0x0000000008006728                malloc
 .text._malloc_r
                0x0000000008006738      0x538 /Users/domenicoamelino/dev/gcc-arm-none-eabi-4_8-2014q1/bin/../lib/gcc/arm-none-eabi/4.8.3/../../../../arm-none-eabi/lib/armv7-m/libg.a(lib_a-mallocr.o)
                0x0000000008006738                _malloc_r
 .text          0x0000000008006c70       0xec /Users/domenicoamelino/dev/gcc-arm-none-eabi-4_8-2014q1/bin/../lib/gcc/arm-none-eabi/4.8.3/../../../../arm-none-eabi/lib/armv7-m/libg.a(lib_a-memcpy.o)
                0x0000000008006c70                memcpy
 .text.__malloc_lock
                0x0000000008006d5c        0x4 /Users/domenicoamelino/dev/gcc-arm-none-eabi-4_8-2014q1/bin/../lib/gcc/arm-none-eabi/4.8.3/../../../../arm-none-eabi/lib/armv7-m/libg.a(lib_a-mlock.o)
                0x0000000008006d5c                __malloc_lock
 .text.__malloc_unlock
                0x0000000008006d60        0x4 /Users/domenicoamelino/dev/gcc-arm-none-eabi-4_8-2014q1/bin/../lib/gcc/arm-none-eabi/4.8.3/../../../../arm-none-eabi/lib/armv7-m/libg.a(lib_a-mlock.o)
                0x0000000008006d60                __malloc_unlock
 .text.putchar  0x0000000008006d64       0x10 /Users/domenicoamelino/dev/gcc-arm-none-eabi-4_8-2014q1/bin/../lib/gcc/arm-none-eabi/4.8.3/../../../../arm-none-eabi/lib/armv7-m/libg.a(lib_a-putchar.o)
                0x0000000008006d64                putchar
 .text._sbrk_r  0x0000000008006d74       0x24 /Users/domenicoamelino/dev/gcc-arm-none-eabi-4_8-2014q1/bin/../lib/gcc/arm-none-eabi/4.8.3/../../../../arm-none-eabi/lib/armv7-m/libg.a(lib_a-sbrkr.o)
                0x0000000008006d74                _sbrk_r
 .text.strlen   0x0000000008006d98       0x60 /Users/domenicoamelino/dev/gcc-arm-none-eabi-4_8-2014q1/bin/../lib/gcc/arm-none-eabi/4.8.3/../../../../arm-none-eabi/lib/armv7-m/libg.a(lib_a-strlen.o)
                0x0000000008006d98                strlen
 .text._vsprintf_r
                0x0000000008006df8       0x34 /Users/domenicoamelino/dev/gcc-arm-none-eabi-4_8-2014q1/bin/../lib/gcc/arm-none-eabi/4.8.3/../../../../arm-none-eabi/lib/armv7-m/libg.a(lib_a-vsprintf.o)
                0x0000000008006df8                _vsprintf_r
 .text.vsprintf
                0x0000000008006e2c       0x18 /Users/domenicoamelino/dev/gcc-arm-none-eabi-4_8-2014q1/bin/../lib/gcc/arm-none-eabi/4.8.3/../../../../arm-none-eabi/lib/armv7-m/libg.a(lib_a-vsprintf.o)
                0x0000000008006e2c                vsprintf
 .text._malloc_trim_r
                0x0000000008006e44       0x9c /Users/domenicoamelino/dev/gcc-arm-none-eabi-4_8-2014q1/bin/../lib/gcc/arm-none-eabi/4.8.3/../../../../arm-none-eabi/lib/armv7-m/libg.a(lib_a-freer.o)
                0x0000000008006e44                _malloc_trim_r
 .text._free_r  0x0000000008006ee0      0x198 /Users/domenicoamelino/dev/gcc-arm-none-eabi-4_8-2014q1/bin/../lib/gcc/arm-none-eabi/4.8.3/../../../../arm-none-eabi/lib/armv7-m/libg.a(lib_a-freer.o)
                0x0000000008006ee0                _free_r
 .text._putc_r  0x0000000008007078       0x58 /Users/domenicoamelino/dev/gcc-arm-none-eabi-4_8-2014q1/bin/../lib/gcc/arm-none-eabi/4.8.3/../../../../arm-none-eabi/lib/armv7-m/libg.a(lib_a-putc.o)
                0x0000000008007078                _putc_r
 .text._svfprintf_r
                0x00000000080070d0     0x14e0 /Users/domenicoamelino/dev/gcc-arm-none-eabi-4_8-2014q1/bin/../lib/gcc/arm-none-eabi/4.8.3/../../../../arm-none-eabi/lib/armv7-m/libg.a(lib_a-svfprintf.o)
                0x00000000080070d0                _svfprintf_r
 .text.__swbuf_r
                0x00000000080085b0       0xa8 /Users/domenicoamelino/dev/gcc-arm-none-eabi-4_8-2014q1/bin/../lib/gcc/arm-none-eabi/4.8.3/../../../../arm-none-eabi/lib/armv7-m/libg.a(lib_a-wbuf.o)
                0x00000000080085b0                __swbuf_r
 .text.__swsetup_r
                0x0000000008008658       0xc4 /Users/domenicoamelino/dev/gcc-arm-none-eabi-4_8-2014q1/bin/../lib/gcc/arm-none-eabi/4.8.3/../../../../arm-none-eabi/lib/armv7-m/libg.a(lib_a-wsetup.o)
                0x0000000008008658                __swsetup_r
 .text.quorem   0x000000000800871c      0x134 /Users/domenicoamelino/dev/gcc-arm-none-eabi-4_8-2014q1/bin/../lib/gcc/arm-none-eabi/4.8.3/../../../../arm-none-eabi/lib/armv7-m/libg.a(lib_a-dtoa.o)
 .text._dtoa_r  0x0000000008008850      0xe38 /Users/domenicoamelino/dev/gcc-arm-none-eabi-4_8-2014q1/bin/../lib/gcc/arm-none-eabi/4.8.3/../../../../arm-none-eabi/lib/armv7-m/libg.a(lib_a-dtoa.o)
                0x0000000008008850                _dtoa_r
 .text.__sflush_r
                0x0000000008009688      0x148 /Users/domenicoamelino/dev/gcc-arm-none-eabi-4_8-2014q1/bin/../lib/gcc/arm-none-eabi/4.8.3/../../../../arm-none-eabi/lib/armv7-m/libg.a(lib_a-fflush.o)
                0x0000000008009688                __sflush_r
 .text._fflush_r
                0x00000000080097d0       0x2c /Users/domenicoamelino/dev/gcc-arm-none-eabi-4_8-2014q1/bin/../lib/gcc/arm-none-eabi/4.8.3/../../../../arm-none-eabi/lib/armv7-m/libg.a(lib_a-fflush.o)
                0x00000000080097d0                _fflush_r
 .text._cleanup_r
                0x00000000080097fc        0xc /Users/domenicoamelino/dev/gcc-arm-none-eabi-4_8-2014q1/bin/../lib/gcc/arm-none-eabi/4.8.3/../../../../arm-none-eabi/lib/armv7-m/libg.a(lib_a-findfp.o)
                0x00000000080097fc                _cleanup_r
 .text.__sinit  0x0000000008009808       0xf4 /Users/domenicoamelino/dev/gcc-arm-none-eabi-4_8-2014q1/bin/../lib/gcc/arm-none-eabi/4.8.3/../../../../arm-none-eabi/lib/armv7-m/libg.a(lib_a-findfp.o)
                0x0000000008009808                __sinit
 .text.__sfp_lock_acquire
                0x00000000080098fc        0x4 /Users/domenicoamelino/dev/gcc-arm-none-eabi-4_8-2014q1/bin/../lib/gcc/arm-none-eabi/4.8.3/../../../../arm-none-eabi/lib/armv7-m/libg.a(lib_a-findfp.o)
                0x00000000080098fc                __sfp_lock_acquire
 .text.__sfp_lock_release
                0x0000000008009900        0x4 /Users/domenicoamelino/dev/gcc-arm-none-eabi-4_8-2014q1/bin/../lib/gcc/arm-none-eabi/4.8.3/../../../../arm-none-eabi/lib/armv7-m/libg.a(lib_a-findfp.o)
                0x0000000008009900                __sfp_lock_release
 .text._fwalk   0x0000000008009904       0x48 /Users/domenicoamelino/dev/gcc-arm-none-eabi-4_8-2014q1/bin/../lib/gcc/arm-none-eabi/4.8.3/../../../../arm-none-eabi/lib/armv7-m/libg.a(lib_a-fwalk.o)
                0x0000000008009904                _fwalk
 .text._localeconv_r
                0x000000000800994c        0x8 /Users/domenicoamelino/dev/gcc-arm-none-eabi-4_8-2014q1/bin/../lib/gcc/arm-none-eabi/4.8.3/../../../../arm-none-eabi/lib/armv7-m/libg.a(lib_a-locale.o)
                0x000000000800994c                _localeconv_r
 .text.__smakebuf_r
                0x0000000008009954       0xe0 /Users/domenicoamelino/dev/gcc-arm-none-eabi-4_8-2014q1/bin/../lib/gcc/arm-none-eabi/4.8.3/../../../../arm-none-eabi/lib/armv7-m/libg.a(lib_a-makebuf.o)
                0x0000000008009954                __smakebuf_r
 .text.memchr   0x0000000008009a34       0x94 /Users/domenicoamelino/dev/gcc-arm-none-eabi-4_8-2014q1/bin/../lib/gcc/arm-none-eabi/4.8.3/../../../../arm-none-eabi/lib/armv7-m/libg.a(lib_a-memchr-stub.o)
                0x0000000008009a34                memchr
 .text.memset   0x0000000008009ac8       0x94 /Users/domenicoamelino/dev/gcc-arm-none-eabi-4_8-2014q1/bin/../lib/gcc/arm-none-eabi/4.8.3/../../../../arm-none-eabi/lib/armv7-m/libg.a(lib_a-memset.o)
                0x0000000008009ac8                memset
 .text._Balloc  0x0000000008009b5c       0x4c /Users/domenicoamelino/dev/gcc-arm-none-eabi-4_8-2014q1/bin/../lib/gcc/arm-none-eabi/4.8.3/../../../../arm-none-eabi/lib/armv7-m/libg.a(lib_a-mprec.o)
                0x0000000008009b5c                _Balloc
 .text._Bfree   0x0000000008009ba8       0x14 /Users/domenicoamelino/dev/gcc-arm-none-eabi-4_8-2014q1/bin/../lib/gcc/arm-none-eabi/4.8.3/../../../../arm-none-eabi/lib/armv7-m/libg.a(lib_a-mprec.o)
                0x0000000008009ba8                _Bfree
 .text.__multadd
                0x0000000008009bbc       0x94 /Users/domenicoamelino/dev/gcc-arm-none-eabi-4_8-2014q1/bin/../lib/gcc/arm-none-eabi/4.8.3/../../../../arm-none-eabi/lib/armv7-m/libg.a(lib_a-mprec.o)
                0x0000000008009bbc                __multadd
 .text.__hi0bits
                0x0000000008009c50       0x40 /Users/domenicoamelino/dev/gcc-arm-none-eabi-4_8-2014q1/bin/../lib/gcc/arm-none-eabi/4.8.3/../../../../arm-none-eabi/lib/armv7-m/libg.a(lib_a-mprec.o)
                0x0000000008009c50                __hi0bits
 .text.__lo0bits
                0x0000000008009c90       0x5c /Users/domenicoamelino/dev/gcc-arm-none-eabi-4_8-2014q1/bin/../lib/gcc/arm-none-eabi/4.8.3/../../../../arm-none-eabi/lib/armv7-m/libg.a(lib_a-mprec.o)
                0x0000000008009c90                __lo0bits
 .text.__i2b    0x0000000008009cec       0x14 /Users/domenicoamelino/dev/gcc-arm-none-eabi-4_8-2014q1/bin/../lib/gcc/arm-none-eabi/4.8.3/../../../../arm-none-eabi/lib/armv7-m/libg.a(lib_a-mprec.o)
                0x0000000008009cec                __i2b
 .text.__multiply
                0x0000000008009d00      0x13c /Users/domenicoamelino/dev/gcc-arm-none-eabi-4_8-2014q1/bin/../lib/gcc/arm-none-eabi/4.8.3/../../../../arm-none-eabi/lib/armv7-m/libg.a(lib_a-mprec.o)
                0x0000000008009d00                __multiply
 .text.__pow5mult
                0x0000000008009e3c       0x9c /Users/domenicoamelino/dev/gcc-arm-none-eabi-4_8-2014q1/bin/../lib/gcc/arm-none-eabi/4.8.3/../../../../arm-none-eabi/lib/armv7-m/libg.a(lib_a-mprec.o)
                0x0000000008009e3c                __pow5mult
 .text.__lshift
                0x0000000008009ed8       0xbc /Users/domenicoamelino/dev/gcc-arm-none-eabi-4_8-2014q1/bin/../lib/gcc/arm-none-eabi/4.8.3/../../../../arm-none-eabi/lib/armv7-m/libg.a(lib_a-mprec.o)
                0x0000000008009ed8                __lshift
 .text.__mcmp   0x0000000008009f94       0x48 /Users/domenicoamelino/dev/gcc-arm-none-eabi-4_8-2014q1/bin/../lib/gcc/arm-none-eabi/4.8.3/../../../../arm-none-eabi/lib/armv7-m/libg.a(lib_a-mprec.o)
                0x0000000008009f94                __mcmp
 .text.__mdiff  0x0000000008009fdc       0xd8 /Users/domenicoamelino/dev/gcc-arm-none-eabi-4_8-2014q1/bin/../lib/gcc/arm-none-eabi/4.8.3/../../../../arm-none-eabi/lib/armv7-m/libg.a(lib_a-mprec.o)
                0x0000000008009fdc                __mdiff
 .text.__d2b    0x000000000800a0b4       0xbc /Users/domenicoamelino/dev/gcc-arm-none-eabi-4_8-2014q1/bin/../lib/gcc/arm-none-eabi/4.8.3/../../../../arm-none-eabi/lib/armv7-m/libg.a(lib_a-mprec.o)
                0x000000000800a0b4                __d2b
 .text.__fpclassifyd
                0x000000000800a170       0x50 /Users/domenicoamelino/dev/gcc-arm-none-eabi-4_8-2014q1/bin/../lib/gcc/arm-none-eabi/4.8.3/../../../../arm-none-eabi/lib/armv7-m/libg.a(lib_a-s_fpclassify.o)
                0x000000000800a170                __fpclassifyd
 .text.__sread  0x000000000800a1c0       0x24 /Users/domenicoamelino/dev/gcc-arm-none-eabi-4_8-2014q1/bin/../lib/gcc/arm-none-eabi/4.8.3/../../../../arm-none-eabi/lib/armv7-m/libg.a(lib_a-stdio.o)
                0x000000000800a1c0                __sread
 .text.__swrite
                0x000000000800a1e4       0x38 /Users/domenicoamelino/dev/gcc-arm-none-eabi-4_8-2014q1/bin/../lib/gcc/arm-none-eabi/4.8.3/../../../../arm-none-eabi/lib/armv7-m/libg.a(lib_a-stdio.o)
                0x000000000800a1e4                __swrite
 .text.__sseek  0x000000000800a21c       0x20 /Users/domenicoamelino/dev/gcc-arm-none-eabi-4_8-2014q1/bin/../lib/gcc/arm-none-eabi/4.8.3/../../../../arm-none-eabi/lib/armv7-m/libg.a(lib_a-stdio.o)
                0x000000000800a21c                __sseek
 .text.__sclose
                0x000000000800a23c        0x8 /Users/domenicoamelino/dev/gcc-arm-none-eabi-4_8-2014q1/bin/../lib/gcc/arm-none-eabi/4.8.3/../../../../arm-none-eabi/lib/armv7-m/libg.a(lib_a-stdio.o)
                0x000000000800a23c                __sclose
 .text.__ssprint_r
                0x000000000800a244      0x100 /Users/domenicoamelino/dev/gcc-arm-none-eabi-4_8-2014q1/bin/../lib/gcc/arm-none-eabi/4.8.3/../../../../arm-none-eabi/lib/armv7-m/libg.a(lib_a-svfiprintf.o)
                0x000000000800a244                __ssprint_r
 .text._write_r
                0x000000000800a344       0x28 /Users/domenicoamelino/dev/gcc-arm-none-eabi-4_8-2014q1/bin/../lib/gcc/arm-none-eabi/4.8.3/../../../../arm-none-eabi/lib/armv7-m/libg.a(lib_a-writer.o)
                0x000000000800a344                _write_r
 .text._calloc_r
                0x000000000800a36c       0x60 /Users/domenicoamelino/dev/gcc-arm-none-eabi-4_8-2014q1/bin/../lib/gcc/arm-none-eabi/4.8.3/../../../../arm-none-eabi/lib/armv7-m/libg.a(lib_a-callocr.o)
                0x000000000800a36c                _calloc_r
 .text._close_r
                0x000000000800a3cc       0x24 /Users/domenicoamelino/dev/gcc-arm-none-eabi-4_8-2014q1/bin/../lib/gcc/arm-none-eabi/4.8.3/../../../../arm-none-eabi/lib/armv7-m/libg.a(lib_a-closer.o)
                0x000000000800a3cc                _close_r
 .text._fclose_r
                0x000000000800a3f0       0x80 /Users/domenicoamelino/dev/gcc-arm-none-eabi-4_8-2014q1/bin/../lib/gcc/arm-none-eabi/4.8.3/../../../../arm-none-eabi/lib/armv7-m/libg.a(lib_a-fclose.o)
                0x000000000800a3f0                _fclose_r
 .text.fclose   0x000000000800a470       0x10 /Users/domenicoamelino/dev/gcc-arm-none-eabi-4_8-2014q1/bin/../lib/gcc/arm-none-eabi/4.8.3/../../../../arm-none-eabi/lib/armv7-m/libg.a(lib_a-fclose.o)
                0x000000000800a470                fclose
 .text._fstat_r
                0x000000000800a480       0x28 /Users/domenicoamelino/dev/gcc-arm-none-eabi-4_8-2014q1/bin/../lib/gcc/arm-none-eabi/4.8.3/../../../../arm-none-eabi/lib/armv7-m/libg.a(lib_a-fstatr.o)
                0x000000000800a480                _fstat_r
 .text._isatty_r
                0x000000000800a4a8       0x24 /Users/domenicoamelino/dev/gcc-arm-none-eabi-4_8-2014q1/bin/../lib/gcc/arm-none-eabi/4.8.3/../../../../arm-none-eabi/lib/armv7-m/libg.a(lib_a-isattyr.o)
                0x000000000800a4a8                _isatty_r
 .text._lseek_r
                0x000000000800a4cc       0x28 /Users/domenicoamelino/dev/gcc-arm-none-eabi-4_8-2014q1/bin/../lib/gcc/arm-none-eabi/4.8.3/../../../../arm-none-eabi/lib/armv7-m/libg.a(lib_a-lseekr.o)
                0x000000000800a4cc                _lseek_r
 .text.memmove  0x000000000800a4f4       0xcc /Users/domenicoamelino/dev/gcc-arm-none-eabi-4_8-2014q1/bin/../lib/gcc/arm-none-eabi/4.8.3/../../../../arm-none-eabi/lib/armv7-m/libg.a(lib_a-memmove.o)
                0x000000000800a4f4                memmove
 .text._read_r  0x000000000800a5c0       0x28 /Users/domenicoamelino/dev/gcc-arm-none-eabi-4_8-2014q1/bin/../lib/gcc/arm-none-eabi/4.8.3/../../../../arm-none-eabi/lib/armv7-m/libg.a(lib_a-readr.o)
                0x000000000800a5c0                _read_r
 .text._realloc_r
                0x000000000800a5e8      0x3c0 /Users/domenicoamelino/dev/gcc-arm-none-eabi-4_8-2014q1/bin/../lib/gcc/arm-none-eabi/4.8.3/../../../../arm-none-eabi/lib/armv7-m/libg.a(lib_a-reallocr.o)
                0x000000000800a5e8                _realloc_r
 .text          0x000000000800a9a8      0x110 /Users/domenicoamelino/dev/gcc-arm-none-eabi-4_8-2014q1/bin/../lib/gcc/arm-none-eabi/4.8.3/armv7-m/libgcc.a(_arm_cmpdf2.o)
                0x000000000800a9a8                __gtdf2
                0x000000000800a9a8                __gedf2
                0x000000000800a9b0                __ltdf2
                0x000000000800a9b0                __ledf2
                0x000000000800a9b8                __eqdf2
                0x000000000800a9b8                __nedf2
                0x000000000800a9b8                __cmpdf2
                0x000000000800aa34                __aeabi_cdrcmple
                0x000000000800aa44                __aeabi_cdcmple
                0x000000000800aa44                __aeabi_cdcmpeq
                0x000000000800aa54                __aeabi_dcmpeq
                0x000000000800aa68                __aeabi_dcmplt
                0x000000000800aa7c                __aeabi_dcmple
                0x000000000800aa90                __aeabi_dcmpge
                0x000000000800aaa4                __aeabi_dcmpgt
 .text          0x000000000800aab8       0x50 /Users/domenicoamelino/dev/gcc-arm-none-eabi-4_8-2014q1/bin/../lib/gcc/arm-none-eabi/4.8.3/armv7-m/libgcc.a(_arm_fixdfsi.o)
                0x000000000800aab8                __fixdfsi
                0x000000000800aab8                __aeabi_d2iz
 .text          0x000000000800ab08       0x2c /Users/domenicoamelino/dev/gcc-arm-none-eabi-4_8-2014q1/bin/../lib/gcc/arm-none-eabi/4.8.3/armv7-m/libgcc.a(_aeabi_uldivmod.o)
                0x000000000800ab08                __aeabi_uldivmod
 .text          0x000000000800ab34       0x60 /Users/domenicoamelino/dev/gcc-arm-none-eabi-4_8-2014q1/bin/../lib/gcc/arm-none-eabi/4.8.3/armv7-m/libgcc.a(bpabi.o)
                0x000000000800ab34                __gnu_ldivmod_helper
                0x000000000800ab64                __gnu_uldivmod_helper
 .text          0x000000000800ab94        0x4 /Users/domenicoamelino/dev/gcc-arm-none-eabi-4_8-2014q1/bin/../lib/gcc/arm-none-eabi/4.8.3/armv7-m/libgcc.a(_dvmd_tls.o)
                0x000000000800ab94                __aeabi_ldiv0
                0x000000000800ab94                __aeabi_idiv0
 .text          0x000000000800ab98      0x2a0 /Users/domenicoamelino/dev/gcc-arm-none-eabi-4_8-2014q1/bin/../lib/gcc/arm-none-eabi/4.8.3/armv7-m/libgcc.a(_divdi3.o)
                0x000000000800ab98                __divdi3
 .text          0x000000000800ae38      0x290 /Users/domenicoamelino/dev/gcc-arm-none-eabi-4_8-2014q1/bin/../lib/gcc/arm-none-eabi/4.8.3/armv7-m/libgcc.a(_udivdi3.o)
                0x000000000800ae38                __udivdi3
 .text.sqrt     0x000000000800b0c8       0xac /Users/domenicoamelino/dev/gcc-arm-none-eabi-4_8-2014q1/bin/../lib/gcc/arm-none-eabi/4.8.3/../../../../arm-none-eabi/lib/armv7-m/libm.a(lib_a-w_sqrt.o)
                0x000000000800b0c8                sqrt
 .text.__ieee754_sqrt
                0x000000000800b174      0x180 /Users/domenicoamelino/dev/gcc-arm-none-eabi-4_8-2014q1/bin/../lib/gcc/arm-none-eabi/4.8.3/../../../../arm-none-eabi/lib/armv7-m/libm.a(lib_a-e_sqrt.o)
                0x000000000800b174                __ieee754_sqrt
 .text.matherr  0x000000000800b2f4        0x4 /Users/domenicoamelino/dev/gcc-arm-none-eabi-4_8-2014q1/bin/../lib/gcc/arm-none-eabi/4.8.3/../../../../arm-none-eabi/lib/armv7-m/libm.a(lib_a-s_matherr.o)
                0x000000000800b2f4                matherr
 .text._close   0x000000000800b2f8       0x10 /Users/domenicoamelino/dev/gcc-arm-none-eabi-4_8-2014q1/bin/../lib/gcc/arm-none-eabi/4.8.3/../../../../arm-none-eabi/lib/armv7-m/libnosys.a(close.o)
                0x000000000800b2f8                _close
 .text._fstat   0x000000000800b308       0x10 /Users/domenicoamelino/dev/gcc-arm-none-eabi-4_8-2014q1/bin/../lib/gcc/arm-none-eabi/4.8.3/../../../../arm-none-eabi/lib/armv7-m/libnosys.a(fstat.o)
                0x000000000800b308                _fstat
 .text._isatty  0x000000000800b318       0x10 /Users/domenicoamelino/dev/gcc-arm-none-eabi-4_8-2014q1/bin/../lib/gcc/arm-none-eabi/4.8.3/../../../../arm-none-eabi/lib/armv7-m/libnosys.a(isatty.o)
                0x000000000800b318                _isatty
 .text._lseek   0x000000000800b328       0x10 /Users/domenicoamelino/dev/gcc-arm-none-eabi-4_8-2014q1/bin/../lib/gcc/arm-none-eabi/4.8.3/../../../../arm-none-eabi/lib/armv7-m/libnosys.a(lseek.o)
                0x000000000800b328                _lseek
 .text._read    0x000000000800b338       0x10 /Users/domenicoamelino/dev/gcc-arm-none-eabi-4_8-2014q1/bin/../lib/gcc/arm-none-eabi/4.8.3/../../../../arm-none-eabi/lib/armv7-m/libnosys.a(read.o)
                0x000000000800b338                _read
 *(.rodata .rodata.*)
 .rodata.g_vectcVCPortDeviceDescriptor
                0x000000000800b348       0x14 ./src/STM32F1_VirtualCom/Source/src/STM32F1_VC_Desc.o
                0x000000000800b348                g_vectcVCPortDeviceDescriptor
 .rodata.g_vectcVCPortConfigDescriptor
                0x000000000800b35c       0x44 ./src/STM32F1_VirtualCom/Source/src/STM32F1_VC_Desc.o
                0x000000000800b35c                g_vectcVCPortConfigDescriptor
 .rodata.g_vectcVCPortStringLangID
                0x000000000800b3a0        0x4 ./src/STM32F1_VirtualCom/Source/src/STM32F1_VC_Desc.o
                0x000000000800b3a0                g_vectcVCPortStringLangID
 .rodata.g_vectcVCPortStringVendor
                0x000000000800b3a4       0x28 ./src/STM32F1_VirtualCom/Source/src/STM32F1_VC_Desc.o
                0x000000000800b3a4                g_vectcVCPortStringVendor
 .rodata.g_vectcVCPortStringProduct
                0x000000000800b3cc       0x48 ./src/STM32F1_VirtualCom/Source/src/STM32F1_VC_Desc.o
                0x000000000800b3cc                g_vectcVCPortStringProduct
 .rodata        0x000000000800b414       0xf0 ./src/main.o
 .rodata        0x000000000800b504        0x4 ./src/tiny_printf.o
 .rodata        0x000000000800b508       0xd4 ./src/tm_inemo_nrf24l01.o
 .rodata.str1.4
                0x000000000800b5dc        0x2 /Users/domenicoamelino/dev/gcc-arm-none-eabi-4_8-2014q1/bin/../lib/gcc/arm-none-eabi/4.8.3/../../../../arm-none-eabi/lib/armv7-m/libg.a(lib_a-impure.o)
                                          0x4 (size before relaxing)
 *fill*         0x000000000800b5de        0x2 
 .rodata.zeroes.6760
                0x000000000800b5e0       0x10 /Users/domenicoamelino/dev/gcc-arm-none-eabi-4_8-2014q1/bin/../lib/gcc/arm-none-eabi/4.8.3/../../../../arm-none-eabi/lib/armv7-m/libg.a(lib_a-svfprintf.o)
 .rodata.str1.4
                0x000000000800b5f0       0x42 /Users/domenicoamelino/dev/gcc-arm-none-eabi-4_8-2014q1/bin/../lib/gcc/arm-none-eabi/4.8.3/../../../../arm-none-eabi/lib/armv7-m/libg.a(lib_a-svfprintf.o)
                                         0x44 (size before relaxing)
 *fill*         0x000000000800b632        0x2 
 .rodata.blanks.6759
                0x000000000800b634       0x10 /Users/domenicoamelino/dev/gcc-arm-none-eabi-4_8-2014q1/bin/../lib/gcc/arm-none-eabi/4.8.3/../../../../arm-none-eabi/lib/armv7-m/libg.a(lib_a-svfprintf.o)
 .rodata.str1.4
                0x000000000800b644       0x10 /Users/domenicoamelino/dev/gcc-arm-none-eabi-4_8-2014q1/bin/../lib/gcc/arm-none-eabi/4.8.3/../../../../arm-none-eabi/lib/armv7-m/libg.a(lib_a-dtoa.o)
                                         0x14 (size before relaxing)
 .rodata.str1.4
                0x000000000800b654        0xa /Users/domenicoamelino/dev/gcc-arm-none-eabi-4_8-2014q1/bin/../lib/gcc/arm-none-eabi/4.8.3/../../../../arm-none-eabi/lib/armv7-m/libg.a(lib_a-locale.o)
                                         0x14 (size before relaxing)
 *fill*         0x000000000800b65e        0x2 
 .rodata.__mprec_tens
                0x000000000800b660       0xc8 /Users/domenicoamelino/dev/gcc-arm-none-eabi-4_8-2014q1/bin/../lib/gcc/arm-none-eabi/4.8.3/../../../../arm-none-eabi/lib/armv7-m/libg.a(lib_a-mprec.o)
                0x000000000800b660                __mprec_tens
 .rodata.__mprec_bigtens
                0x000000000800b728       0x28 /Users/domenicoamelino/dev/gcc-arm-none-eabi-4_8-2014q1/bin/../lib/gcc/arm-none-eabi/4.8.3/../../../../arm-none-eabi/lib/armv7-m/libg.a(lib_a-mprec.o)
                0x000000000800b728                __mprec_bigtens
 .rodata.p05.5266
                0x000000000800b750        0xc /Users/domenicoamelino/dev/gcc-arm-none-eabi-4_8-2014q1/bin/../lib/gcc/arm-none-eabi/4.8.3/../../../../arm-none-eabi/lib/armv7-m/libg.a(lib_a-mprec.o)
 .rodata.str1.4
                0x000000000800b75c        0x8 /Users/domenicoamelino/dev/gcc-arm-none-eabi-4_8-2014q1/bin/../lib/gcc/arm-none-eabi/4.8.3/../../../../arm-none-eabi/lib/armv7-m/libm.a(lib_a-w_sqrt.o)
 *(.eh_frame*)
 *(.glue_7)
 .glue_7        0x0000000000000000        0x0 linker stubs
 *(.glue_7t)
 .glue_7t       0x0000000000000000        0x0 linker stubs

.vfp11_veneer   0x000000000800b764        0x0
 .vfp11_veneer  0x0000000000000000        0x0 linker stubs

.v4_bx          0x000000000800b764        0x0
 .v4_bx         0x0000000000000000        0x0 linker stubs

.iplt           0x000000000800b764        0x0
 .iplt          0x0000000000000000        0x0 ./src/iNemo_Led/iNemoLed.o

.ARM.extab
 *(.ARM.extab* .gnu.linkonce.armextab.*)
                0x000000000800b764                __exidx_start = .

.ARM.exidx      0x000000000800b764        0x8
 *(.ARM.exidx* .gnu.linkonce.armexidx.*)
 .ARM.exidx     0x000000000800b764        0x8 /Users/domenicoamelino/dev/gcc-arm-none-eabi-4_8-2014q1/bin/../lib/gcc/arm-none-eabi/4.8.3/armv7-m/libgcc.a(_divdi3.o)
 .ARM.exidx     0x000000000800b76c        0x0 /Users/domenicoamelino/dev/gcc-arm-none-eabi-4_8-2014q1/bin/../lib/gcc/arm-none-eabi/4.8.3/armv7-m/libgcc.a(_udivdi3.o)
                                          0x8 (size before relaxing)
                0x000000000800b76c                __exidx_end = .

.rel.dyn        0x000000000800b76c        0x0
 .rel.iplt      0x0000000000000000        0x0 ./src/iNemo_Led/iNemoLed.o
                0x000000000800b76c                . = ALIGN (0x4)
                0x000000000800b76c                _etext = .
                0x000000000800b76c                _sidata = _etext

.ROarraySection
 *(.ROarraySection .ROarraySection.*)

.data           0x0000000020000000      0x980 load address 0x000000000800b76c
                0x0000000020000000                . = ALIGN (0x4)
                0x0000000020000000                _sdata = .
                0x0000000020000000                __data_start__ = .
 *(vtable)
 *(.data .data.*)
 .data.LED_PORT
                0x0000000020000000        0x4 ./src/iNemo_Led/iNemoLed.o
                0x0000000020000000                LED_PORT
 .data.g_vectcVCPortStringSerial
                0x0000000020000004       0x1c ./src/STM32F1_VirtualCom/Source/src/STM32F1_VC_Desc.o
                0x0000000020000004                g_vectcVCPortStringSerial
 .data.pEpInt_IN
                0x0000000020000020       0x1c ./src/STM32F1_VirtualCom/Source/src/STM32F1_VC_Istr.o
                0x0000000020000020                pEpInt_IN
 .data.pEpInt_OUT
                0x000000002000003c       0x1c ./src/STM32F1_VirtualCom/Source/src/STM32F1_VC_Istr.o
                0x000000002000003c                pEpInt_OUT
 .data.linecoding
                0x0000000020000058        0x8 ./src/STM32F1_VirtualCom/Source/src/STM32F1_VC_Prop.o
                0x0000000020000058                linecoding
 .data.Device_Table
                0x0000000020000060        0x4 ./src/STM32F1_VirtualCom/Source/src/STM32F1_VC_Prop.o
                0x0000000020000060                Device_Table
 .data.Device_Property
                0x0000000020000064       0x30 ./src/STM32F1_VirtualCom/Source/src/STM32F1_VC_Prop.o
                0x0000000020000064                Device_Property
 .data.User_Standard_Requests
                0x0000000020000094       0x24 ./src/STM32F1_VirtualCom/Source/src/STM32F1_VC_Prop.o
                0x0000000020000094                User_Standard_Requests
 .data.Device_Descriptor
                0x00000000200000b8        0x8 ./src/STM32F1_VirtualCom/Source/src/STM32F1_VC_Prop.o
                0x00000000200000b8                Device_Descriptor
 .data.Config_Descriptor
                0x00000000200000c0        0x8 ./src/STM32F1_VirtualCom/Source/src/STM32F1_VC_Prop.o
                0x00000000200000c0                Config_Descriptor
 .data.String_Descriptor
                0x00000000200000c8       0x20 ./src/STM32F1_VirtualCom/Source/src/STM32F1_VC_Prop.o
                0x00000000200000c8                String_Descriptor
 .data.BUTTON_PORT
                0x00000000200000e8        0x4 ./src/iNEMO_Button.o
                0x00000000200000e8                BUTTON_PORT
 .data.APBAHBPrescTable
                0x00000000200000ec       0x10 ./libs/StdPeriph/src/stm32f10x_rcc.o
 .data.ADCPrescTable
                0x00000000200000fc        0x4 ./libs/StdPeriph/src/stm32f10x_rcc.o
 .data.SystemCoreClock
                0x0000000020000100        0x4 ./libs/CMSIS/src/system_stm32f10x.o
                0x0000000020000100                SystemCoreClock
 *fill*         0x0000000020000104        0x4 
 .data.impure_data
                0x0000000020000108      0x428 /Users/domenicoamelino/dev/gcc-arm-none-eabi-4_8-2014q1/bin/../lib/gcc/arm-none-eabi/4.8.3/../../../../arm-none-eabi/lib/armv7-m/libg.a(lib_a-impure.o)
 .data._impure_ptr
                0x0000000020000530        0x4 /Users/domenicoamelino/dev/gcc-arm-none-eabi-4_8-2014q1/bin/../lib/gcc/arm-none-eabi/4.8.3/../../../../arm-none-eabi/lib/armv7-m/libg.a(lib_a-impure.o)
                0x0000000020000530                _impure_ptr
 .data.__malloc_av_
                0x0000000020000534      0x408 /Users/domenicoamelino/dev/gcc-arm-none-eabi-4_8-2014q1/bin/../lib/gcc/arm-none-eabi/4.8.3/../../../../arm-none-eabi/lib/armv7-m/libg.a(lib_a-mallocr.o)
                0x0000000020000534                __malloc_av_
 .data.__malloc_trim_threshold
                0x000000002000093c        0x4 /Users/domenicoamelino/dev/gcc-arm-none-eabi-4_8-2014q1/bin/../lib/gcc/arm-none-eabi/4.8.3/../../../../arm-none-eabi/lib/armv7-m/libg.a(lib_a-mallocr.o)
                0x000000002000093c                __malloc_trim_threshold
 .data.__malloc_sbrk_base
                0x0000000020000940        0x4 /Users/domenicoamelino/dev/gcc-arm-none-eabi-4_8-2014q1/bin/../lib/gcc/arm-none-eabi/4.8.3/../../../../arm-none-eabi/lib/armv7-m/libg.a(lib_a-mallocr.o)
                0x0000000020000940                __malloc_sbrk_base
 .data.lconv    0x0000000020000944       0x38 /Users/domenicoamelino/dev/gcc-arm-none-eabi-4_8-2014q1/bin/../lib/gcc/arm-none-eabi/4.8.3/../../../../arm-none-eabi/lib/armv7-m/libg.a(lib_a-locale.o)
 .data.__fdlib_version
                0x000000002000097c        0x1 /Users/domenicoamelino/dev/gcc-arm-none-eabi-4_8-2014q1/bin/../lib/gcc/arm-none-eabi/4.8.3/../../../../arm-none-eabi/lib/armv7-m/libm.a(lib_a-s_lib_ver.o)
                0x000000002000097c                __fdlib_version
                0x0000000020000980                . = ALIGN (0x4)
 *fill*         0x000000002000097d        0x3 
                0x0000000020000980                _edata = .
                0x0000000020000980                __data_end__ = .

.igot.plt       0x0000000020000980        0x0 load address 0x000000000800c0ec
 .igot.plt      0x0000000000000000        0x0 ./src/iNemo_Led/iNemoLed.o

.bss            0x0000000020000980      0x5ec load address 0x000000000800c0ec
                0x0000000020000980                . = ALIGN (0x4)
                0x0000000020000980                __bss_start__ = .
                0x0000000020000980                _sbss = .
 *(.bss .bss.*)
 .bss.pcDmaBuffer.6883
                0x0000000020000980       0xc8 ./src/iNEMO_M1_SensorDrivers/Source/src/iNEMO_I2C_Driver.o
 .bss.Data_Mul_MaxPacketSize
                0x0000000020000a48        0x1 ./src/STM32_USB-FS-Device_Lib/Source/Libraries/STM32_USB-FS-Device_Driver/src/usb_core.o
                0x0000000020000a48                Data_Mul_MaxPacketSize
 *fill*         0x0000000020000a49        0x3 
 .bss.g_lVCNbBytesReceived
                0x0000000020000a4c        0x4 ./src/STM32F1_VirtualCom/Source/src/STM32F1_VC_Endp.o
                0x0000000020000a4c                g_lVCNbBytesReceived
 .bss.s_vectcVCTxBuffer
                0x0000000020000a50      0x200 ./src/STM32F1_VirtualCom/Source/src/STM32F1_VC_General.o
 .bss.s_lVCTxBufferInIndex
                0x0000000020000c50        0x4 ./src/STM32F1_VirtualCom/Source/src/STM32F1_VC_General.o
 .bss.s_lVCTxBufferOutIndex
                0x0000000020000c54        0x4 ./src/STM32F1_VirtualCom/Source/src/STM32F1_VC_General.o
 .bss.s_lVCTxDataLength
                0x0000000020000c58        0x4 ./src/STM32F1_VirtualCom/Source/src/STM32F1_VC_General.o
 .bss.bIntPackSOF
                0x0000000020000c5c        0x1 ./src/STM32F1_VirtualCom/Source/src/STM32F1_VC_Istr.o
                0x0000000020000c5c                bIntPackSOF
 .bss.Request   0x0000000020000c5d        0x1 ./src/STM32F1_VirtualCom/Source/src/STM32F1_VC_Prop.o
                0x0000000020000c5d                Request
 *fill*         0x0000000020000c5e        0x2 
 .bss.bDeviceState
                0x0000000020000c60        0x4 ./src/STM32F1_VirtualCom/Source/src/STM32F1_VC_Pwr.o
                0x0000000020000c60                bDeviceState
 .bss.timer     0x0000000020000c64        0x4 ./src/main.o
                0x0000000020000c64                timer
 .bss.i         0x0000000020000c68        0x4 ./src/main.o
                0x0000000020000c68                i
 .bss.xEulerAngles
                0x0000000020000c6c        0xc ./src/main.o
                0x0000000020000c6c                xEulerAngles
 .bss.xQuat     0x0000000020000c78       0x10 ./src/main.o
                0x0000000020000c78                xQuat
 .bss.xTim2Raised
                0x0000000020000c88        0x1 ./src/main.o
                0x0000000020000c88                xTim2Raised
 .bss.rxMutex   0x0000000020000c89        0x1 ./src/tm_inemo_nrf24l01.o
                0x0000000020000c89                rxMutex
 .bss.great_packet_lenght
                0x0000000020000c8a        0x1 ./src/tm_inemo_nrf24l01.o
                0x0000000020000c8a                great_packet_lenght
 .bss.packet_lenght
                0x0000000020000c8b        0x1 ./src/tm_inemo_nrf24l01.o
                0x0000000020000c8b                packet_lenght
 .bss.current_heap_end.4284
                0x0000000020000c8c        0x4 ./libs/misc/src/_sbrk.o
 .bss.isInitialised.4064
                0x0000000020000c90        0x4 ./libs/misc/src/trace_impl.o
 .bss.__malloc_max_total_mem
                0x0000000020000c94        0x4 /Users/domenicoamelino/dev/gcc-arm-none-eabi-4_8-2014q1/bin/../lib/gcc/arm-none-eabi/4.8.3/../../../../arm-none-eabi/lib/armv7-m/libg.a(lib_a-mallocr.o)
                0x0000000020000c94                __malloc_max_total_mem
 .bss.__malloc_max_sbrked_mem
                0x0000000020000c98        0x4 /Users/domenicoamelino/dev/gcc-arm-none-eabi-4_8-2014q1/bin/../lib/gcc/arm-none-eabi/4.8.3/../../../../arm-none-eabi/lib/armv7-m/libg.a(lib_a-mallocr.o)
                0x0000000020000c98                __malloc_max_sbrked_mem
 .bss.__malloc_top_pad
                0x0000000020000c9c        0x4 /Users/domenicoamelino/dev/gcc-arm-none-eabi-4_8-2014q1/bin/../lib/gcc/arm-none-eabi/4.8.3/../../../../arm-none-eabi/lib/armv7-m/libg.a(lib_a-mallocr.o)
                0x0000000020000c9c                __malloc_top_pad
 .bss.__malloc_current_mallinfo
                0x0000000020000ca0       0x28 /Users/domenicoamelino/dev/gcc-arm-none-eabi-4_8-2014q1/bin/../lib/gcc/arm-none-eabi/4.8.3/../../../../arm-none-eabi/lib/armv7-m/libg.a(lib_a-mallocr.o)
                0x0000000020000ca0                __malloc_current_mallinfo
 *(COMMON)
 COMMON         0x0000000020000cc8       0x2c ./src/iNEMO_M1_SensorDrivers/Source/src/iNEMO_I2C_Driver.o
                0x0000000020000cc8                I2CDMA_InitStructure
 COMMON         0x0000000020000cf4       0x50 ./src/iNEMO_AHRS_v121/src/iNEMO_AHRS.o
                0x0000000020000cf4                fAccRef
                0x0000000020000cf8                fMagRef
                0x0000000020000cfc                fHalfDt
                0x0000000020000d00                pMat_Hja
                0x0000000020000d04                pMat_Hjm
                0x0000000020000d08                pMat_Km
                0x0000000020000d0c                pMat_Pnew
                0x0000000020000d10                pMat_Ka
                0x0000000020000d14                pMat_Ra
                0x0000000020000d18                pMat_Rm
                0x0000000020000d1c                fSV
                0x0000000020000d38                pMat_P
                0x0000000020000d3c                pMat_Fsys
                0x0000000020000d40                pMat_Q
 COMMON         0x0000000020000d44        0x2 ./src/STM32_USB-FS-Device_Lib/Source/Libraries/STM32_USB-FS-Device_Driver/src/usb_core.o
                0x0000000020000d44                StatusInfo
 *fill*         0x0000000020000d46        0x2 
 COMMON         0x0000000020000d48       0x32 ./src/STM32_USB-FS-Device_Lib/Source/Libraries/STM32_USB-FS-Device_Driver/src/usb_init.o
                0x0000000020000d48                SaveState
                0x0000000020000d4c                pProperty
                0x0000000020000d50                EPindex
                0x0000000020000d54                Device_Info
                0x0000000020000d70                pUser_Standard_Requests
                0x0000000020000d74                pInformation
                0x0000000020000d78                wInterrupt_Mask
 COMMON         0x0000000020000d7a        0x4 ./src/STM32_USB-FS-Device_Lib/Source/Libraries/STM32_USB-FS-Device_Driver/src/usb_int.o
                0x0000000020000d7a                SaveRState
                0x0000000020000d7c                SaveTState
 *fill*         0x0000000020000d7e        0x2 
 COMMON         0x0000000020000d80       0x40 ./src/STM32F1_VirtualCom/Source/src/STM32F1_VC_Endp.o
                0x0000000020000d80                g_vectcVCRxBuffer
 COMMON         0x0000000020000dc0        0x2 ./src/STM32F1_VirtualCom/Source/src/STM32F1_VC_Istr.o
                0x0000000020000dc0                wIstr
 *fill*         0x0000000020000dc2        0x2 
 COMMON         0x0000000020000dc4      0x160 ./src/main.o
                0x0000000020000dc4                LSMAccInitStructure
                0x0000000020000dcc                fMagXYZ
                0x0000000020000dd8                LSMAccFilterInitStructure
                0x0000000020000de0                xSensorData
                0x0000000020000e78                fAccXYZ
                0x0000000020000e84                dataOut
                0x0000000020000ea4                LSMMagInitStructure
                0x0000000020000ea8                send_data
                0x0000000020000ebc                dataRec
                0x0000000020000efc                L3GInitStructure
                0x0000000020000f04                data_received
                0x0000000020000f18                fGyroXYZ
 COMMON         0x0000000020000f24       0x42 ./src/tm_inemo_nrf24l01.o
                0x0000000020000f24                TM_NRF24L01_Struct
                0x0000000020000f28                ricBuffer
 *fill*         0x0000000020000f66        0x2 
 COMMON         0x0000000020000f68        0x4 /Users/domenicoamelino/dev/gcc-arm-none-eabi-4_8-2014q1/bin/../lib/gcc/arm-none-eabi/4.8.3/../../../../arm-none-eabi/lib/armv7-m/libg.a(lib_a-reent.o)
                0x0000000020000f68                errno
                0x0000000020000f6c                . = ALIGN (0x4)
                0x0000000020000f6c                __bss_end__ = .
                0x0000000020000f6c                _ebss = .

.noinit         0x0000000020000f6c        0x0
                0x0000000020000f6c                . = ALIGN (0x4)
                0x0000000020000f6c                _noinit = .
 *(.noinit .noinit.*)
                0x0000000020000f6c                . = ALIGN (0x4)
                0x0000000020000f6c                _end_noinit = .
                0x0000000020000f6c                PROVIDE (end, _end_noinit)
                0x0000000020000f6c                PROVIDE (_end, _end_noinit)
                0x0000000020000f6c                PROVIDE (__end, _end_noinit)
                0x0000000020000f6c                PROVIDE (__end__, _end_noinit)

._check_stack   0x0000000020000f6c      0x100 load address 0x000000000800c6d8
                0x0000000020000f6c                . = ALIGN (0x4)
                0x000000002000106c                . = (. + _Minimum_Stack_Size)
 *fill*         0x0000000020000f6c      0x100 
                0x000000002000106c                . = ALIGN (0x4)

.bss_CCMRAM
 *(.bss.CCMRAM .bss.CCMRAM.*)

.b1text
 *(.b1text)
 *(.b1rodata)
 *(.b1rodata.*)

.eb0text
 *(.eb0text)
 *(.eb0rodata)
 *(.eb0rodata.*)

.eb1text
 *(.eb1text)
 *(.eb1rodata)
 *(.eb1rodata.*)

.eb2text
 *(.eb2text)
 *(.eb2rodata)
 *(.eb2rodata.*)

.eb3text
 *(.eb3text)
 *(.eb3rodata)
 *(.eb3rodata.*)

.stab           0x0000000000000000       0x84
 *(.stab)
 .stab          0x0000000000000000       0x24 /Users/domenicoamelino/dev/gcc-arm-none-eabi-4_8-2014q1/bin/../lib/gcc/arm-none-eabi/4.8.3/../../../../arm-none-eabi/lib/armv7-m/libnosys.a(close.o)
 .stab          0x0000000000000024       0x18 /Users/domenicoamelino/dev/gcc-arm-none-eabi-4_8-2014q1/bin/../lib/gcc/arm-none-eabi/4.8.3/../../../../arm-none-eabi/lib/armv7-m/libnosys.a(fstat.o)
                                         0x24 (size before relaxing)
 .stab          0x000000000000003c       0x18 /Users/domenicoamelino/dev/gcc-arm-none-eabi-4_8-2014q1/bin/../lib/gcc/arm-none-eabi/4.8.3/../../../../arm-none-eabi/lib/armv7-m/libnosys.a(isatty.o)
                                         0x24 (size before relaxing)
 .stab          0x0000000000000054       0x18 /Users/domenicoamelino/dev/gcc-arm-none-eabi-4_8-2014q1/bin/../lib/gcc/arm-none-eabi/4.8.3/../../../../arm-none-eabi/lib/armv7-m/libnosys.a(lseek.o)
                                         0x24 (size before relaxing)
 .stab          0x000000000000006c       0x18 /Users/domenicoamelino/dev/gcc-arm-none-eabi-4_8-2014q1/bin/../lib/gcc/arm-none-eabi/4.8.3/../../../../arm-none-eabi/lib/armv7-m/libnosys.a(read.o)
                                         0x24 (size before relaxing)

.stabstr        0x0000000000000000      0x117
 *(.stabstr)
 .stabstr       0x0000000000000000      0x117 /Users/domenicoamelino/dev/gcc-arm-none-eabi-4_8-2014q1/bin/../lib/gcc/arm-none-eabi/4.8.3/../../../../arm-none-eabi/lib/armv7-m/libnosys.a(close.o)

.stab.excl
 *(.stab.excl)

.stab.exclstr
 *(.stab.exclstr)

.stab.index
 *(.stab.index)

.stab.indexstr
 *(.stab.indexstr)

.comment        0x0000000000000000       0x70
 *(.comment)
 .comment       0x0000000000000000       0x70 ./src/iNemo_Led/iNemoLed.o
                                         0x71 (size before relaxing)
 .comment       0x0000000000000000       0x71 ./src/iNEMO_M1_SensorDrivers/Source/src/iNEMO_I2C_Driver.o
 .comment       0x0000000000000000       0x71 ./src/iNEMO_M1_SensorDrivers/Source/src/iNemo_SPI_Driver.o
 .comment       0x0000000000000000       0x71 ./src/iNEMO_AHRS_v121/src/iNEMO_AHRS.o
 .comment       0x0000000000000000       0x71 ./src/iNEMO_AHRS_v121/src/iNEMO_AHRS_MemMan_1.o
 .comment       0x0000000000000000       0x71 ./src/iNEMO_AHRS_v121/src/iNEMO_math.o
 .comment       0x0000000000000000       0x71 ./src/STM32_USB-FS-Device_Lib/Source/Libraries/STM32_USB-FS-Device_Driver/src/usb_core.o
 .comment       0x0000000000000000       0x71 ./src/STM32_USB-FS-Device_Lib/Source/Libraries/STM32_USB-FS-Device_Driver/src/usb_init.o
 .comment       0x0000000000000000       0x71 ./src/STM32_USB-FS-Device_Lib/Source/Libraries/STM32_USB-FS-Device_Driver/src/usb_int.o
 .comment       0x0000000000000000       0x71 ./src/STM32_USB-FS-Device_Lib/Source/Libraries/STM32_USB-FS-Device_Driver/src/usb_mem.o
 .comment       0x0000000000000000       0x71 ./src/STM32_USB-FS-Device_Lib/Source/Libraries/STM32_USB-FS-Device_Driver/src/usb_regs.o
 .comment       0x0000000000000000       0x71 ./src/STM32_USB-FS-Device_Lib/Source/Libraries/STM32_USB-FS-Device_Driver/src/usb_sil.o
 .comment       0x0000000000000000       0x71 ./src/STM32F1_VirtualCom/Source/src/STM32F1_VC_Desc.o
 .comment       0x0000000000000000       0x71 ./src/STM32F1_VirtualCom/Source/src/STM32F1_VC_Endp.o
 .comment       0x0000000000000000       0x71 ./src/STM32F1_VirtualCom/Source/src/STM32F1_VC_General.o
 .comment       0x0000000000000000       0x71 ./src/STM32F1_VirtualCom/Source/src/STM32F1_VC_Istr.o
 .comment       0x0000000000000000       0x71 ./src/STM32F1_VirtualCom/Source/src/STM32F1_VC_Prop.o
 .comment       0x0000000000000000       0x71 ./src/STM32F1_VirtualCom/Source/src/STM32F1_VC_Pwr.o
 .comment       0x0000000000000000       0x71 ./src/LSM303DLHC/src/LSM303DLHC.o